Component: ARM Compiler 5.05 update 1 (build 106) Tool: armlink [4d0efa]

==============================================================================

Section Cross References

    main.o(.text) refers to _printf_percent.o(.ARM.Collect$$_printf_percent$$00000000) for _printf_percent
    main.o(.text) refers to _printf_d.o(.ARM.Collect$$_printf_percent$$00000009) for _printf_d
    main.o(.text) refers to _printf_dec.o(.text) for _printf_int_dec
    main.o(.text) refers to noretval__2printf.o(.text) for __2printf
    main.o(.text) refers to buzzer.o(.text) for buzzer_Enable
    main.o(.text) refers to text.o(.text) for Show_Str
    main.o(.text) refers to lcd.o(.text) for LCD_ShowNum
    main.o(.text) refers to delay.o(.text) for delay_init
    main.o(.text) refers to misc.o(.text) for NVIC_PriorityGroupConfig
    main.o(.text) refers to usart.o(.text) for uart_init
    main.o(.text) refers to led.o(.text) for LED_Init
    main.o(.text) refers to key.o(.text) for KEY_Init
    main.o(.text) refers to w25qxx.o(.text) for W25QXX_Init
    main.o(.text) refers to dht11.o(.text) for DHT11_Init
    main.o(.text) refers to adc.o(.text) for Adc_Init
    main.o(.text) refers to malloc.o(.text) for my_mem_init
    main.o(.text) refers to exfuns.o(.text) for exfuns_init
    main.o(.text) refers to ff.o(.text) for f_mount
    main.o(.text) refers to fontupd.o(.text) for font_init
    main.o(.text) refers to sdio_sdcard.o(.text) for SD_Init
    main.o(.text) refers to dflt_clz.o(x$fpl$dfltu) for __aeabi_ui2d
    main.o(.text) refers to ddiv.o(x$fpl$ddiv) for __aeabi_ddiv
    main.o(.text) refers to dmul.o(x$fpl$dmul) for __aeabi_dmul
    main.o(.text) refers to dfix.o(x$fpl$dfix) for __aeabi_d2iz
    main.o(.text) refers to main.o(.data) for AConcentration
    main.o(.text) refers to main.o(.conststring) for .conststring
    main.o(.text) refers to lcd.o(.data) for POINT_COLOR
    main.o(.text) refers to usmart_config.o(.data) for usmart_dev
    main.o(.text) refers to exfuns.o(.data) for fs
    system_stm32f10x.o(.text) refers to system_stm32f10x.o(.data) for SystemCoreClock
    led.o(.text) refers to stm32f10x_rcc.o(.text) for RCC_APB2PeriphClockCmd
    led.o(.text) refers to stm32f10x_gpio.o(.text) for GPIO_Init
    key.o(.text) refers to stm32f10x_rcc.o(.text) for RCC_APB2PeriphClockCmd
    key.o(.text) refers to stm32f10x_gpio.o(.text) for GPIO_Init
    key.o(.text) refers to delay.o(.text) for delay_ms
    key.o(.text) refers to key.o(.data) for key_up
    lcd.o(.text) refers to _printf_percent.o(.ARM.Collect$$_printf_percent$$00000000) for _printf_percent
    lcd.o(.text) refers to _printf_x.o(.ARM.Collect$$_printf_percent$$0000000C) for _printf_x
    lcd.o(.text) refers to _printf_hex_int.o(.text) for _printf_longlong_hex
    lcd.o(.text) refers to delay.o(.text) for delay_us
    lcd.o(.text) refers to lcd.o(.bss) for lcddev
    lcd.o(.text) refers to lcd.o(.data) for POINT_COLOR
    lcd.o(.text) refers to dflt_clz.o(x$fpl$dfltu) for __aeabi_ui2d
    lcd.o(.text) refers to dmul.o(x$fpl$dmul) for __aeabi_dmul
    lcd.o(.text) refers to dfixu.o(x$fpl$dfixu) for __aeabi_d2uiz
    lcd.o(.text) refers to stm32f10x_rcc.o(.text) for RCC_AHBPeriphClockCmd
    lcd.o(.text) refers to stm32f10x_gpio.o(.text) for GPIO_Init
    lcd.o(.text) refers to stm32f10x_fsmc.o(.text) for FSMC_NORSRAMInit
    lcd.o(.text) refers to noretval__2printf.o(.text) for __2printf
    lcd.o(.text) refers to lcd.o(.constdata) for asc2_1206
    spi.o(.text) refers to stm32f10x_spi.o(.text) for SPI_I2S_GetFlagStatus
    spi.o(.text) refers to stm32f10x_rcc.o(.text) for RCC_APB2PeriphClockCmd
    spi.o(.text) refers to stm32f10x_gpio.o(.text) for GPIO_Init
    w25qxx.o(.text) refers to _printf_percent.o(.ARM.Collect$$_printf_percent$$00000000) for _printf_percent
    w25qxx.o(.text) refers to _printf_x.o(.ARM.Collect$$_printf_percent$$0000000C) for _printf_x
    w25qxx.o(.text) refers to _printf_hex_int.o(.text) for _printf_longlong_hex
    w25qxx.o(.text) refers to spi.o(.text) for SPI2_ReadWriteByte
    w25qxx.o(.text) refers to stm32f10x_rcc.o(.text) for RCC_APB2PeriphClockCmd
    w25qxx.o(.text) refers to stm32f10x_gpio.o(.text) for GPIO_Init
    w25qxx.o(.text) refers to noretval__2printf.o(.text) for __2printf
    w25qxx.o(.text) refers to delay.o(.text) for delay_us
    w25qxx.o(.text) refers to w25qxx.o(.data) for W25QXX_TYPE
    w25qxx.o(.text) refers to w25qxx.o(.bss) for W25QXX_BUFFER
    sdio_sdcard.o(.text) refers to stm32f10x_sdio.o(.text) for SDIO_GetFlagStatus
    sdio_sdcard.o(.text) refers to sdio_sdcard.o(.data) for DeviceMode
    sdio_sdcard.o(.text) refers to sdio_sdcard.o(.bss) for SDIO_CmdInitStructure
    sdio_sdcard.o(.text) refers to stm32f10x_rcc.o(.text) for RCC_APB2PeriphClockCmd
    sdio_sdcard.o(.text) refers to stm32f10x_gpio.o(.text) for GPIO_Init
    sdio_sdcard.o(.text) refers to misc.o(.text) for NVIC_Init
    sdio_sdcard.o(.text) refers to stm32f10x_dma.o(.text) for DMA_DeInit
[...]
    __rt_lib_shutdown_heap_1                 0x0800020d   Thumb Code     0  libshutdown2.o(.ARM.Collect$$libshutdown$$0000000E)
    __rt_lib_shutdown_return                 0x0800020d   Thumb Code     0  libshutdown2.o(.ARM.Collect$$libshutdown$$0000000F)
    __rt_lib_shutdown_signal_1               0x0800020d   Thumb Code     0  libshutdown2.o(.ARM.Collect$$libshutdown$$00000009)
    __rt_lib_shutdown_stdio_1                0x0800020d   Thumb Code     0  libshutdown2.o(.ARM.Collect$$libshutdown$$00000003)
    __rt_lib_shutdown_user_alloc_1           0x0800020d   Thumb Code     0  libshutdown2.o(.ARM.Collect$$libshutdown$$0000000B)
    __rt_entry                               0x0800020f   Thumb Code     0  __rtentry.o(.ARM.Collect$$rtentry$$00000000)
    __rt_entry_presh_1                       0x0800020f   Thumb Code     0  __rtentry2.o(.ARM.Collect$$rtentry$$00000002)
    __rt_entry_sh                            0x0800020f   Thumb Code     0  __rtentry4.o(.ARM.Collect$$rtentry$$00000004)
    __rt_entry_li                            0x08000215   Thumb Code     0  __rtentry2.o(.ARM.Collect$$rtentry$$0000000A)
    __rt_entry_postsh_1                      0x08000215   Thumb Code     0  __rtentry2.o(.ARM.Collect$$rtentry$$00000009)
    __rt_entry_main                          0x08000219   Thumb Code     0  __rtentry2.o(.ARM.Collect$$rtentry$$0000000D)
    __rt_entry_postli_1                      0x08000219   Thumb Code     0  __rtentry2.o(.ARM.Collect$$rtentry$$0000000C)
    __rt_exit                                0x08000221   Thumb Code     0  rtexit.o(.ARM.Collect$$rtexit$$00000000)
    __rt_exit_ls                             0x08000223   Thumb Code     0  rtexit2.o(.ARM.Collect$$rtexit$$00000003)
    __rt_exit_prels_1                        0x08000223   Thumb Code     0  rtexit2.o(.ARM.Collect$$rtexit$$00000002)
    __rt_exit_exit                           0x08000227   Thumb Code     0  rtexit2.o(.ARM.Collect$$rtexit$$00000004)
    JThreshold                               0x0800022d   Thumb Code   106  main.o(.text)
    LCD_display                              0x08000297   Thumb Code   274  main.o(.text)
    main                                     0x080003a9   Thumb Code   482  main.o(.text)
    Delay                                    0x0800058b   Thumb Code    10  main.o(.text)
    NMI_Handler                              0x080006bd   Thumb Code     2  stm32f10x_it.o(.text)
    HardFault_Handler                        0x080006bf   Thumb Code     4  stm32f10x_it.o(.text)
    MemManage_Handler                        0x080006c3   Thumb Code     4  stm32f10x_it.o(.text)
    BusFault_Handler                         0x080006c7   Thumb Code     4  stm32f10x_it.o(.text)
    UsageFault_Handler                       0x080006cb   Thumb Code     4  stm32f10x_it.o(.text)
    SVC_Handler                              0x080006cf   Thumb Code     2  stm32f10x_it.o(.text)
    DebugMon_Handler                         0x080006d1   Thumb Code     2  stm32f10x_it.o(.text)
    PendSV_Handler                           0x080006d3   Thumb Code     2  stm32f10x_it.o(.text)
    SysTick_Handler                          0x080006d5   Thumb Code     2  stm32f10x_it.o(.text)
    SystemInit                               0x080007b7   Thumb Code    78  system_stm32f10x.o(.text)
    SystemCoreClockUpdate                    0x08000805   Thumb Code   142  system_stm32f10x.o(.text)
    LED_Init                                 0x080008b9   Thumb Code    68  led.o(.text)
    KEY_Init                                 0x08000905   Thumb Code    52  key.o(.text)
    KEY_Scan                                 0x08000939   Thumb Code   114  key.o(.text)
    LCD_WR_REG                               0x080009b9   Thumb Code     6  lcd.o(.text)
    LCD_WR_DATA                              0x080009bf   Thumb Code     8  lcd.o(.text)
    LCD_RD_DATA                              0x080009c7   Thumb Code    16  lcd.o(.text)
    LCD_WriteReg                             0x080009d7   Thumb Code    10  lcd.o(.text)
    LCD_ReadReg                              0x080009e1   Thumb Code    22  lcd.o(.text)
    LCD_WriteRAM_Prepare                     0x080009f7   Thumb Code    10  lcd.o(.text)
    LCD_WriteRAM                             0x08000a01   Thumb Code     8  lcd.o(.text)
    LCD_BGR2RGB                              0x08000a09   Thumb Code    26  lcd.o(.text)
    opt_delay                                0x08000a23   Thumb Code    14  lcd.o(.text)
    LCD_SetCursor                            0x08000a31   Thumb Code   418  lcd.o(.text)
    LCD_ReadPoint                            0x08000bd3   Thumb Code   360  lcd.o(.text)
    LCD_DisplayOn                            0x08000d3b   Thumb Code   102  lcd.o(.text)
    LCD_DisplayOff                           0x08000da1   Thumb Code    90  lcd.o(.text)
    LCD_Scan_Dir                             0x08000dfb   Thumb Code   744  lcd.o(.text)
    LCD_DrawPoint                            0x080010e3   Thumb Code    28  lcd.o(.text)
    LCD_Fast_DrawPoint                       0x080010ff   Thumb Code   384  lcd.o(.text)
    LCD_SSD_BackLightSet                     0x0800127f   Thumb Code    80  lcd.o(.text)
    LCD_Display_Dir                          0x080012cf   Thumb Code   444  lcd.o(.text)
    LCD_Set_Window                           0x0800148b   Thumb Code   540  lcd.o(.text)
    LCD_Clear                                0x080016a7   Thumb Code   100  lcd.o(.text)
    LCD_Init                                 0x0800170b   Thumb Code 14190  lcd.o(.text)
    LCD_Fill                                 0x08004e79   Thumb Code   178  lcd.o(.text)
    LCD_Color_Fill                           0x08004f2b   Thumb Code   106  lcd.o(.text)
    LCD_DrawLine                             0x08004f95   Thumb Code   176  lcd.o(.text)
    LCD_DrawRectangle                        0x08005045   Thumb Code    60  lcd.o(.text)
    LCD_Draw_Circle                          0x08005081   Thumb Code   152  lcd.o(.text)
    LCD_ShowChar                             0x08005119   Thumb Code   272  lcd.o(.text)
    LCD_Pow                                  0x08005229   Thumb Code    22  lcd.o(.text)
    LCD_ShowNum                              0x0800523f   Thumb Code   148  lcd.o(.text)
    LCD_ShowxNum                             0x080052d3   Thumb Code   220  lcd.o(.text)
    LCD_ShowString                           0x080053af   Thumb Code   102  lcd.o(.text)
    SPI2_ReadWriteByte                       0x08005415   Thumb Code    78  spi.o(.text)
    SPI2_Init                                0x08005463   Thumb Code   140  spi.o(.text)
    SPI2_SetSpeed                            0x080054ef   Thumb Code    36  spi.o(.text)
    W25QXX_ReadID                            0x0800551d   Thumb Code    64  w25qxx.o(.text)
    W25QXX_Init                              0x0800555d   Thumb Code    74  w25qxx.o(.text)
    W25QXX_ReadSR                            0x080055a7   Thumb Code    36  w25qxx.o(.text)
    W25QXX_Write_SR                          0x080055cb   Thumb Code    32  w25qxx.o(.text)
    W25QXX_Write_Enable                      0x080055eb   Thumb Code    24  w25qxx.o(.text)
    W25QXX_Write_Disable                     0x08005603   Thumb Code    24  w25qxx.o(.text)
    W25QXX_Read                              0x0800561b   Thumb Code    74  w25qxx.o(.text)
    W25QXX_Wait_Busy                         0x08005665   Thumb Code    18  w25qxx.o(.text)
    W25QXX_Write_Page                        0x08005677   Thumb Code    80  w25qxx.o(.text)
    W25QXX_Write_NoCheck                     0x080056c7   Thumb Code    70  w25qxx.o(.text)
    W25QXX_Erase_Sector                      0x0800570d   Thumb Code    70  w25qxx.o(.text)
    W25QXX_Write                             0x08005753   Thumb Code   180  w25qxx.o(.text)
    W25QXX_Erase_Chip                        0x08005807   Thumb Code    36  w25qxx.o(.text)
    W25QXX_PowerDown                         0x0800582b   Thumb Code    30  w25qxx.o(.text)
    W25QXX_WAKEUP                            0x08005849   Thumb Code    30  w25qxx.o(.text)
    SD_SetDeviceMode                         0x08005885   Thumb Code    20  sdio_sdcard.o(.text)
    SDIO_Clock_Set                           0x08005899   Thumb Code    16  sdio_sdcard.o(.text)
    CmdResp1Error                            0x080058a9   Thumb Code    90  sdio_sdcard.o(.text)
    FindSCR                                  0x08005903   Thumb Code   386  sdio_sdcard.o(.text)
    SDEnWideBus                              0x08005a85   Thumb Code   158  sdio_sdcard.o(.text)
    SD_EnableWideBusOperation                0x08005b23   Thumb Code    94  sdio_sdcard.o(.text)
    SD_SelectDeselect                        0x08005b81   Thumb Code    42  sdio_sdcard.o(.text)
    SD_GetCardInfo                           0x08005bab   Thumb Code   802  sdio_sdcard.o(.text)
    CmdResp2Error                            0x08005ecd   Thumb Code    80  sdio_sdcard.o(.text)
    CmdResp6Error                            0x08005f1d   Thumb Code   140  sdio_sdcard.o(.text)
    SD_InitializeCards                       0x08005fa9   Thumb Code   336  sdio_sdcard.o(.text)
    CmdResp3Error                            0x080060f9   Thumb Code    50  sdio_sdcard.o(.text)
    CmdResp7Error                            0x0800612b   Thumb Code    70  sdio_sdcard.o(.text)
    CmdError                                 0x08006171   Thumb Code    48  sdio_sdcard.o(.text)
    SD_PowerON                               0x080061a1   Thumb Code   450  sdio_sdcard.o(.text)
    SD_Init                                  0x08006363   Thumb Code   238  sdio_sdcard.o(.text)
    SD_PowerOFF                              0x08006451   Thumb Code    12  sdio_sdcard.o(.text)
    SD_DMA_Config                            0x0800645d   Thumb Code   146  sdio_sdcard.o(.text)
    convert_from_bytes_to_power_of_two       0x080064ef   Thumb Code    18  sdio_sdcard.o(.text)
    SD_ReadBlock                             0x08006501   Thumb Code   560  sdio_sdcard.o(.text)
    SD_ReadMultiBlocks                       0x08006731   Thumb Code   742  sdio_sdcard.o(.text)
    IsCardProgramming                        0x08006a17   Thumb Code   142  sdio_sdcard.o(.text)
    SD_WriteBlock                            0x08006aa5   Thumb Code   888  sdio_sdcard.o(.text)
    SD_WriteMultiBlocks                      0x08006e1d   Thumb Code   962  sdio_sdcard.o(.text)
    SD_ProcessIRQSrc                         0x080071df   Thumb Code   294  sdio_sdcard.o(.text)
    SDIO_IRQHandler                          0x08007305   Thumb Code     8  sdio_sdcard.o(.text)
    SD_SendStatus                            0x0800730d   Thumb Code    72  sdio_sdcard.o(.text)
    SD_GetState                              0x08007355   Thumb Code    26  sdio_sdcard.o(.text)
    SD_ReadDisk                              0x0800736f   Thumb Code   148  sdio_sdcard.o(.text)
    SD_WriteDisk                             0x08007403   Thumb Code   148  sdio_sdcard.o(.text)
    DHT11_Rst                                0x080074b5   Thumb Code    52  dht11.o(.text)
    DHT11_Check                              0x080074e9   Thumb Code    96  dht11.o(.text)
    DHT11_Read_Bit                           0x08007549   Thumb Code    76  dht11.o(.text)
    DHT11_Read_Byte                          0x08007595   Thumb Code    30  dht11.o(.text)
    DHT11_Read_Data                          0x080075b3   Thumb Code    88  dht11.o(.text)
    DHT11_Init                               0x0800760b   Thumb Code    58  dht11.o(.text)
    Adc_Init                                 0x08007651   Thumb Code   132  adc.o(.text)
    Get_Adc                                  0x080076d5   Thumb Code    46  adc.o(.text)
    Get_Adc_Average                          0x08007703   Thumb Code    46  adc.o(.text)
    buzzer_Init                              0x08007739   Thumb Code    46  buzzer.o(.text)
    buzzer_Enable                            0x08007767   Thumb Code    26  buzzer.o(.text)
    delay_init                               0x08007785   Thumb Code    50  delay.o(.text)
    delay_us                                 0x080077b7   Thumb Code    72  delay.o(.text)
    delay_ms                                 0x080077ff   Thumb Code    72  delay.o(.text)
    WFI_SET                                  0x08007859   Thumb Code     4  sys.o(.text)
    INTX_DISABLE                             0x0800785d   Thumb Code     4  sys.o(.text)
    INTX_ENABLE                              0x08007861   Thumb Code     4  sys.o(.text)
    _sys_exit                                0x08007865   Thumb Code     4  usart.o(.text)
    _ttywrch                                 0x08007869   Thumb Code     4  usart.o(.text)
    fputc                                    0x0800786d   Thumb Code    24  usart.o(.text)
    uart_init                                0x08007885   Thumb Code   152  usart.o(.text)
    USART1_IRQHandler                        0x0800791d   Thumb Code   122  usart.o(.text)
    Reset_Handler                            0x080079a9   Thumb Code     8  startup_stm32f10x_hd.o(.text)
    ADC1_2_IRQHandler                        0x080079c3   Thumb Code     0  startup_stm32f10x_hd.o(.text)
    ADC3_IRQHandler                          0x080079c3   Thumb Code     0  startup_stm32f10x_hd.o(.text)
    CAN1_RX1_IRQHandler                      0x080079c3   Thumb Code     0  startup_stm32f10x_hd.o(.text)
    CAN1_SCE_IRQHandler                      0x080079c3   Thumb Code     0  startup_stm32f10x_hd.o(.text)
    DMA1_Channel1_IRQHandler                 0x080079c3   Thumb Code     0  startup_stm32f10x_hd.o(.text)
    DMA1_Channel2_IRQHandler                 0x080079c3   Thumb Code     0  startup_stm32f10x_hd.o(.text)
    DMA1_Channel3_IRQHandler                 0x080079c3   Thumb Code     0  startup_stm32f10x_hd.o(.text)
    DMA1_Channel4_IRQHandler                 0x080079c3   Thumb Code     0  startup_stm32f10x_hd.o(.text)
    DMA1_Channel5_IRQHandler                 0x080079c3   Thumb Code     0  startup_stm32f10x_hd.o(.text)
    DMA1_Channel6_IRQHandler                 0x080079c3   Thumb Code     0  startup_stm32f10x_hd.o(.text)
    DMA1_Channel7_IRQHandler                 0x080079c3   Thumb Code     0  startup_stm32f10x_hd.o(.text)
    DMA2_Channel1_IRQHandler                 0x080079c3   Thumb Code     0  startup_stm32f10x_hd.o(.text)
    DMA2_Channel2_IRQHandler                 0x080079c3   Thumb Code     0  startup_stm32f10x_hd.o(.text)
    DMA2_Channel3_IRQHandler                 0x080079c3   Thumb Code     0  startup_stm32f10x_hd.o(.text)
    DMA2_Channel4_5_IRQHandler               0x080079c3   Thumb Code     0  startup_stm32f10x_hd.o(.text)
    EXTI0_IRQHandler                         0x080079c3   Thumb Code     0  startup_stm32f10x_hd.o(.text)
    EXTI15_10_IRQHandler                     0x080079c3   Thumb Code     0  startup_stm32f10x_hd.o(.text)
    EXTI1_IRQHandler                         0x080079c3   Thumb Code     0  startup_stm32f10x_hd.o(.text)
    EXTI2_IRQHandler                         0x080079c3   Thumb Code     0  startup_stm32f10x_hd.o(.text)
    EXTI3_IRQHandler                         0x080079c3   Thumb Code     0  startup_stm32f10x_hd.o(.text)
    EXTI4_IRQHandler                         0x080079c3   Thumb Code     0  startup_stm32f10x_hd.o(.text)
    EXTI9_5_IRQHandler                       0x080079c3   Thumb Code     0  startup_stm32f10x_hd.o(.text)
    FLASH_IRQHandler                         0x080079c3   Thumb Code     0  startup_stm32f10x_hd.o(.text)
    FSMC_IRQHandler                          0x080079c3   Thumb Code     0  startup_stm32f10x_hd.o(.text)
    I2C1_ER_IRQHandler                       0x080079c3   Thumb Code     0  startup_stm32f10x_hd.o(.text)
    I2C1_EV_IRQHandler                       0x080079c3   Thumb Code     0  startup_stm32f10x_hd.o(.text)
    I2C2_ER_IRQHandler                       0x080079c3   Thumb Code     0  startup_stm32f10x_hd.o(.text)
    I2C2_EV_IRQHandler                       0x080079c3   Thumb Code     0  startup_stm32f10x_hd.o(.text)
    PVD_IRQHandler                           0x080079c3   Thumb Code     0  startup_stm32f10x_hd.o(.text)
    RCC_IRQHandler                           0x080079c3   Thumb Code     0  startup_stm32f10x_hd.o(.text)
    RTCAlarm_IRQHandler                      0x080079c3   Thumb Code     0  startup_stm32f10x_hd.o(.text)
    RTC_IRQHandler                           0x080079c3   Thumb Code     0  startup_stm32f10x_hd.o(.text)
    SPI1_IRQHandler                          0x080079c3   Thumb Code     0  startup_stm32f10x_hd.o(.text)
    SPI2_IRQHandler                          0x080079c3   Thumb Code     0  startup_stm32f10x_hd.o(.text)
    SPI3_IRQHandler                          0x080079c3   Thumb Code     0  startup_stm32f10x_hd.o(.text)
    TAMPER_IRQHandler                        0x080079c3   Thumb Code     0  startup_stm32f10x_hd.o(.text)
    TIM1_BRK_IRQHandler                      0x080079c3   Thumb Code     0  startup_stm32f10x_hd.o(.text)
    TIM1_CC_IRQHandler                       0x080079c3   Thumb Code     0  startup_stm32f10x_hd.o(.text)
    TIM1_TRG_COM_IRQHandler                  0x080079c3   Thumb Code     0  startup_stm32f10x_hd.o(.text)
    TIM1_UP_IRQHandler                       0x080079c3   Thumb Code     0  startup_stm32f10x_hd.o(.text)
    TIM2_IRQHandler                          0x080079c3   Thumb Code     0  startup_stm32f10x_hd.o(.text)
    TIM3_IRQHandler                          0x080079c3   Thumb Code     0  startup_stm32f10x_hd.o(.text)
    TIM5_IRQHandler                          0x080079c3   Thumb Code     0  startup_stm32f10x_hd.o(.text)
    TIM6_IRQHandler                          0x080079c3   Thumb Code     0  startup_stm32f10x_hd.o(.text)
    TIM7_IRQHandler                          0x080079c3   Thumb Code     0  startup_stm32f10x_hd.o(.text)
    TIM8_BRK_IRQHandler                      0x080079c3   Thumb Code     0  startup_stm32f10x_hd.o(.text)
    TIM8_CC_IRQHandler                       0x080079c3   Thumb Code     0  startup_stm32f10x_hd.o(.text)
    TIM8_TRG_COM_IRQHandler                  0x080079c3   Thumb Code     0  startup_stm32f10x_hd.o(.text)
    TIM8_UP_IRQHandler                       0x080079c3   Thumb Code     0  startup_stm32f10x_hd.o(.text)
    UART4_IRQHandler                         0x080079c3   Thumb Code     0  startup_stm32f10x_hd.o(.text)
    UART5_IRQHandler                         0x080079c3   Thumb Code     0  startup_stm32f10x_hd.o(.text)
    USART2_IRQHandler                        0x080079c3   Thumb Code     0  startup_stm32f10x_hd.o(.text)
    USART3_IRQHandler                        0x080079c3   Thumb Code     0  startup_stm32f10x_hd.o(.text)
    USBWakeUp_IRQHandler                     0x080079c3   Thumb Code     0  startup_stm32f10x_hd.o(.text)
    USB_HP_CAN1_TX_IRQHandler                0x080079c3   Thumb Code     0  startup_stm32f10x_hd.o(.text)
    USB_LP_CAN1_RX0_IRQHandler               0x080079c3   Thumb Code     0  startup_stm32f10x_hd.o(.text)
    WWDG_IRQHandler                          0x080079c3   Thumb Code     0  startup_stm32f10x_hd.o(.text)
    __user_initial_stackheap                 0x080079c5   Thumb Code     0  startup_stm32f10x_hd.o(.text)
    NVIC_PriorityGroupConfig                 0x080079e9   Thumb Code    10  misc.o(.text)
    NVIC_Init                                0x080079f3   Thumb Code   100  misc.o(.text)
    NVIC_SetVectorTable                      0x08007a57   Thumb Code    14  misc.o(.text)
    NVIC_SystemLPConfig                      0x08007a65   Thumb Code    34  misc.o(.text)
    SysTick_CLKSourceConfig                  0x08007a87   Thumb Code    40  misc.o(.text)
    FSMC_NORSRAMDeInit                       0x08007ac5   Thumb Code    54  stm32f10x_fsmc.o(.text)
    FSMC_NANDDeInit                          0x08007afb   Thumb Code    62  stm32f10x_fsmc.o(.text)
    FSMC_PCCARDDeInit                        0x08007b39   Thumb Code    36  stm32f10x_fsmc.o(.text)
    FSMC_NORSRAMInit                         0x08007b5d   Thumb Code   230  stm32f10x_fsmc.o(.text)
    FSMC_NANDInit                            0x08007c43   Thumb Code   132  stm32f10x_fsmc.o(.text)
    FSMC_PCCARDInit                          0x08007cc7   Thumb Code   130  stm32f10x_fsmc.o(.text)
    FSMC_NORSRAMStructInit                   0x08007d49   Thumb Code   114  stm32f10x_fsmc.o(.text)
    FSMC_NANDStructInit                      0x08007dbb   Thumb Code    54  stm32f10x_fsmc.o(.text)
    FSMC_PCCARDStructInit                    0x08007df1   Thumb Code    60  stm32f10x_fsmc.o(.text)
    FSMC_NORSRAMCmd                          0x08007e2d   Thumb Code    46  stm32f10x_fsmc.o(.text)
    FSMC_NANDCmd                             0x08007e5b   Thumb Code    86  stm32f10x_fsmc.o(.text)
    FSMC_PCCARDCmd                           0x08007eb1   Thumb Code    44  stm32f10x_fsmc.o(.text)
    FSMC_NANDECCCmd                          0x08007edd   Thumb Code    90  stm32f10x_fsmc.o(.text)
    FSMC_GetECC                              0x08007f37   Thumb Code    24  stm32f10x_fsmc.o(.text)
    FSMC_ITConfig                            0x08007f4f   Thumb Code   128  stm32f10x_fsmc.o(.text)
    FSMC_GetFlagStatus                       0x08007fcf   Thumb Code    54  stm32f10x_fsmc.o(.text)
    FSMC_ClearFlag                           0x08008005   Thumb Code    62  stm32f10x_fsmc.o(.text)
    FSMC_GetITStatus                         0x08008043   Thumb Code    64  stm32f10x_fsmc.o(.text)
    FSMC_ClearITPendingBit                   0x08008083   Thumb Code    68  stm32f10x_fsmc.o(.text)
    GPIO_DeInit                              0x080080d1   Thumb Code   172  stm32f10x_gpio.o(.text)
    GPIO_AFIODeInit                          0x0800817d   Thumb Code    20  stm32f10x_gpio.o(.text)
    GPIO_Init                                0x08008191   Thumb Code   278  stm32f10x_gpio.o(.text)
    GPIO_StructInit                          0x080082a7   Thumb Code    16  stm32f10x_gpio.o(.text)
    GPIO_ReadInputDataBit                    0x080082b7   Thumb Code    18  stm32f10x_gpio.o(.text)
    GPIO_ReadInputData                       0x080082c9   Thumb Code     8  stm32f10x_gpio.o(.text)
    GPIO_ReadOutputDataBit                   0x080082d1   Thumb Code    18  stm32f10x_gpio.o(.text)
    GPIO_ReadOutputData                      0x080082e3   Thumb Code     8  stm32f10x_gpio.o(.text)
    GPIO_SetBits                             0x080082eb   Thumb Code     4  stm32f10x_gpio.o(.text)
    GPIO_ResetBits                           0x080082ef   Thumb Code     4  stm32f10x_gpio.o(.text)
    GPIO_WriteBit                            0x080082f3   Thumb Code    10  stm32f10x_gpio.o(.text)
    GPIO_Write                               0x080082fd   Thumb Code     4  stm32f10x_gpio.o(.text)
    GPIO_PinLockConfig                       0x08008301   Thumb Code    18  stm32f10x_gpio.o(.text)
    GPIO_EventOutputConfig                   0x08008313   Thumb Code    26  stm32f10x_gpio.o(.text)
    GPIO_EventOutputCmd                      0x0800832d   Thumb Code     6  stm32f10x_gpio.o(.text)
    GPIO_PinRemapConfig                      0x08008333   Thumb Code   138  stm32f10x_gpio.o(.text)
    GPIO_EXTILineConfig                      0x080083bd   Thumb Code    66  stm32f10x_gpio.o(.text)
    GPIO_ETH_MediaInterfaceConfig            0x080083ff   Thumb Code     8  stm32f10x_gpio.o(.text)
    RCC_DeInit                               0x0800842d   Thumb Code    64  stm32f10x_rcc.o(.text)
    RCC_HSEConfig                            0x0800846d   Thumb Code    70  stm32f10x_rcc.o(.text)
    RCC_GetFlagStatus                        0x080084b3   Thumb Code    56  stm32f10x_rcc.o(.text)
    RCC_WaitForHSEStartUp                    0x080084eb   Thumb Code    56  stm32f10x_rcc.o(.text)
    RCC_AdjustHSICalibrationValue            0x08008523   Thumb Code    20  stm32f10x_rcc.o(.text)
    RCC_HSICmd                               0x08008537   Thumb Code     6  stm32f10x_rcc.o(.text)
    RCC_PLLConfig                            0x0800853d   Thumb Code    24  stm32f10x_rcc.o(.text)
    RCC_PLLCmd                               0x08008555   Thumb Code     6  stm32f10x_rcc.o(.text)
    RCC_SYSCLKConfig                         0x0800855b   Thumb Code    18  stm32f10x_rcc.o(.text)
    RCC_GetSYSCLKSource                      0x0800856d   Thumb Code    10  stm32f10x_rcc.o(.text)
    RCC_HCLKConfig                           0x08008577   Thumb Code    18  stm32f10x_rcc.o(.text)
    RCC_PCLK1Config                          0x08008589   Thumb Code    18  stm32f10x_rcc.o(.text)
    RCC_PCLK2Config                          0x0800859b   Thumb Code    20  stm32f10x_rcc.o(.text)
    RCC_ITConfig                             0x080085af   Thumb Code    26  stm32f10x_rcc.o(.text)
    RCC_USBCLKConfig                         0x080085c9   Thumb Code     8  stm32f10x_rcc.o(.text)
    RCC_ADCCLKConfig                         0x080085d1   Thumb Code    18  stm32f10x_rcc.o(.text)
    RCC_LSEConfig                            0x080085e3   Thumb Code    50  stm32f10x_rcc.o(.text)
    RCC_LSICmd                               0x08008615   Thumb Code     6  stm32f10x_rcc.o(.text)
    RCC_RTCCLKConfig                         0x0800861b   Thumb Code    12  stm32f10x_rcc.o(.text)
    RCC_RTCCLKCmd                            0x08008627   Thumb Code     8  stm32f10x_rcc.o(.text)
    RCC_GetClocksFreq                        0x0800862f   Thumb Code   192  stm32f10x_rcc.o(.text)
    RCC_AHBPeriphClockCmd                    0x080086ef   Thumb Code    26  stm32f10x_rcc.o(.text)
    RCC_APB2PeriphClockCmd                   0x08008709   Thumb Code    26  stm32f10x_rcc.o(.text)
    RCC_APB1PeriphClockCmd                   0x08008723   Thumb Code    26  stm32f10x_rcc.o(.text)
    RCC_APB2PeriphResetCmd                   0x0800873d   Thumb Code    26  stm32f10x_rcc.o(.text)
    RCC_APB1PeriphResetCmd                   0x08008757   Thumb Code    26  stm32f10x_rcc.o(.text)
    RCC_BackupResetCmd                       0x08008771   Thumb Code     8  stm32f10x_rcc.o(.text)
    RCC_ClockSecuritySystemCmd               0x08008779   Thumb Code     6  stm32f10x_rcc.o(.text)
    RCC_MCOConfig                            0x0800877f   Thumb Code     6  stm32f10x_rcc.o(.text)
    RCC_ClearFlag                            0x08008785   Thumb Code    14  stm32f10x_rcc.o(.text)
    RCC_GetITStatus                          0x08008793   Thumb Code    20  stm32f10x_rcc.o(.text)
    RCC_ClearITPendingBit                    0x080087a7   Thumb Code     6  stm32f10x_rcc.o(.text)
    SPI_I2S_DeInit                           0x080087d1   Thumb Code    76  stm32f10x_spi.o(.text)
    SPI_Init                                 0x0800881d   Thumb Code    60  stm32f10x_spi.o(.text)
    I2S_Init                                 0x08008859   Thumb Code   226  stm32f10x_spi.o(.text)
    SPI_StructInit                           0x0800893b   Thumb Code    24  stm32f10x_spi.o(.text)
    I2S_StructInit                           0x08008953   Thumb Code    20  stm32f10x_spi.o(.text)
    SPI_Cmd                                  0x08008967   Thumb Code    24  stm32f10x_spi.o(.text)
    I2S_Cmd                                  0x0800897f   Thumb Code    24  stm32f10x_spi.o(.text)
    SPI_I2S_ITConfig                         0x08008997   Thumb Code    32  stm32f10x_spi.o(.text)
    SPI_I2S_DMACmd                           0x080089b7   Thumb Code    18  stm32f10x_spi.o(.text)
    SPI_I2S_SendData                         0x080089c9   Thumb Code     4  stm32f10x_spi.o(.text)
    SPI_I2S_ReceiveData                      0x080089cd   Thumb Code     6  stm32f10x_spi.o(.text)
    SPI_NSSInternalSoftwareConfig            0x080089d3   Thumb Code    30  stm32f10x_spi.o(.text)
    SPI_SSOutputCmd                          0x080089f1   Thumb Code    24  stm32f10x_spi.o(.text)
    SPI_DataSizeConfig                       0x08008a09   Thumb Code    18  stm32f10x_spi.o(.text)
    SPI_TransmitCRC                          0x08008a1b   Thumb Code    10  stm32f10x_spi.o(.text)
    SPI_CalculateCRC                         0x08008a25   Thumb Code    24  stm32f10x_spi.o(.text)
    SPI_GetCRC                               0x08008a3d   Thumb Code    16  stm32f10x_spi.o(.text)
    SPI_GetCRCPolynomial                     0x08008a4d   Thumb Code     6  stm32f10x_spi.o(.text)
    SPI_BiDirectionalLineConfig              0x08008a53   Thumb Code    28  stm32f10x_spi.o(.text)
    SPI_I2S_GetFlagStatus                    0x08008a6f   Thumb Code    18  stm32f10x_spi.o(.text)
    SPI_I2S_ClearFlag                        0x08008a81   Thumb Code     6  stm32f10x_spi.o(.text)
    SPI_I2S_GetITStatus                      0x08008a87   Thumb Code    52  stm32f10x_spi.o(.text)
    SPI_I2S_ClearITPendingBit                0x08008abb   Thumb Code    20  stm32f10x_spi.o(.text)
    USART_DeInit                             0x08008add   Thumb Code   134  stm32f10x_usart.o(.text)
    USART_Init                               0x08008b63   Thumb Code   210  stm32f10x_usart.o(.text)
    USART_StructInit                         0x08008c35   Thumb Code    24  stm32f10x_usart.o(.text)
    USART_ClockInit                          0x08008c4d   Thumb Code    34  stm32f10x_usart.o(.text)
    USART_ClockStructInit                    0x08008c6f   Thumb Code    12  stm32f10x_usart.o(.text)
    USART_Cmd                                0x08008c7b   Thumb Code    24  stm32f10x_usart.o(.text)
    USART_ITConfig                           0x08008c93   Thumb Code    74  stm32f10x_usart.o(.text)
    USART_DMACmd                             0x08008cdd   Thumb Code    18  stm32f10x_usart.o(.text)
    USART_SetAddress                         0x08008cef   Thumb Code    18  stm32f10x_usart.o(.text)
    USART_WakeUpConfig                       0x08008d01   Thumb Code    18  stm32f10x_usart.o(.text)
    USART_ReceiverWakeUpCmd                  0x08008d13   Thumb Code    24  stm32f10x_usart.o(.text)
    USART_LINBreakDetectLengthConfig         0x08008d2b   Thumb Code    18  stm32f10x_usart.o(.text)
    USART_LINCmd                             0x08008d3d   Thumb Code    24  stm32f10x_usart.o(.text)
    USART_SendData                           0x08008d55   Thumb Code     8  stm32f10x_usart.o(.text)
    USART_ReceiveData                        0x08008d5d   Thumb Code    10  stm32f10x_usart.o(.text)
    USART_SendBreak                          0x08008d67   Thumb Code    10  stm32f10x_usart.o(.text)
    USART_SetGuardTime                       0x08008d71   Thumb Code    16  stm32f10x_usart.o(.text)
    USART_SetPrescaler                       0x08008d81   Thumb Code    16  stm32f10x_usart.o(.text)
    USART_SmartCardCmd                       0x08008d91   Thumb Code    24  stm32f10x_usart.o(.text)
    USART_SmartCardNACKCmd                   0x08008da9   Thumb Code    24  stm32f10x_usart.o(.text)
    USART_HalfDuplexCmd                      0x08008dc1   Thumb Code    24  stm32f10x_usart.o(.text)
    USART_OverSampling8Cmd                   0x08008dd9   Thumb Code    22  stm32f10x_usart.o(.text)
    USART_OneBitMethodCmd                    0x08008def   Thumb Code    24  stm32f10x_usart.o(.text)
    USART_IrDAConfig                         0x08008e07   Thumb Code    18  stm32f10x_usart.o(.text)
    USART_IrDACmd                            0x08008e19   Thumb Code    24  stm32f10x_usart.o(.text)
    USART_GetFlagStatus                      0x08008e31   Thumb Code    26  stm32f10x_usart.o(.text)
    USART_ClearFlag                          0x08008e4b   Thumb Code    18  stm32f10x_usart.o(.text)
    USART_GetITStatus                        0x08008e5d   Thumb Code    84  stm32f10x_usart.o(.text)
    USART_ClearITPendingBit                  0x08008eb1   Thumb Code    52  stm32f10x_usart.o(.text)
    TIM_DeInit                               0x08008ee5   Thumb Code   424  stm32f10x_tim.o(.text)
    TIM_TimeBaseInit                         0x0800908d   Thumb Code   122  stm32f10x_tim.o(.text)
    TIM_OC1Init                              0x08009107   Thumb Code   132  stm32f10x_tim.o(.text)
    TIM_OC2Init                              0x0800918b   Thumb Code   154  stm32f10x_tim.o(.text)
    TIM_OC3Init                              0x08009225   Thumb Code   150  stm32f10x_tim.o(.text)
    TIM_OC4Init                              0x080092bb   Thumb Code   182  stm32f10x_tim.o(.text)
    TIM_SetIC4Prescaler                      0x08009371   Thumb Code    26  stm32f10x_tim.o(.text)
    TIM_SetIC3Prescaler                      0x0800940d   Thumb Code    18  stm32f10x_tim.o(.text)
    TIM_SetIC2Prescaler                      0x08009499   Thumb Code    26  stm32f10x_tim.o(.text)
    TIM_SetIC1Prescaler                      0x08009535   Thumb Code    18  stm32f10x_tim.o(.text)
    TIM_ICInit                               0x080095b3   Thumb Code   150  stm32f10x_tim.o(.text)
    TIM_PWMIConfig                           0x08009649   Thumb Code   124  stm32f10x_tim.o(.text)
    TIM_BDTRConfig                           0x080096c5   Thumb Code    32  stm32f10x_tim.o(.text)
    TIM_TimeBaseStructInit                   0x080096e5   Thumb Code    18  stm32f10x_tim.o(.text)
    TIM_OCStructInit                         0x080096f7   Thumb Code    20  stm32f10x_tim.o(.text)
    TIM_ICStructInit                         0x0800970b   Thumb Code    18  stm32f10x_tim.o(.text)
    TIM_BDTRStructInit                       0x0800971d   Thumb Code    40  stm32f10x_tim.o(.text)
    TIM_Cmd                                  0x08009745   Thumb Code    24  stm32f10x_tim.o(.text)
    TIM_CtrlPWMOutputs                       0x0800975d   Thumb Code    30  stm32f10x_tim.o(.text)
    TIM_ITConfig                             0x0800977b   Thumb Code    18  stm32f10x_tim.o(.text)
    TIM_GenerateEvent                        0x0800978d   Thumb Code     4  stm32f10x_tim.o(.text)
    TIM_DMAConfig                            0x08009791   Thumb Code    10  stm32f10x_tim.o(.text)
    TIM_DMACmd                               0x0800979b   Thumb Code    18  stm32f10x_tim.o(.text)
    TIM_InternalClockConfig                  0x080097ad   Thumb Code    12  stm32f10x_tim.o(.text)
    TIM_SelectInputTrigger                   0x080097b9   Thumb Code    18  stm32f10x_tim.o(.text)
    TIM_ITRxExternalClockConfig              0x080097cb   Thumb Code    24  stm32f10x_tim.o(.text)
    TIM_TIxExternalClockConfig               0x080097e3   Thumb Code    62  stm32f10x_tim.o(.text)
    TIM_ETRConfig                            0x08009821   Thumb Code    28  stm32f10x_tim.o(.text)
    TIM_ETRClockMode1Config                  0x0800983d   Thumb Code    54  stm32f10x_tim.o(.text)
    TIM_ETRClockMode2Config                  0x08009873   Thumb Code    32  stm32f10x_tim.o(.text)
    TIM_PrescalerConfig                      0x08009893   Thumb Code     6  stm32f10x_tim.o(.text)
    TIM_CounterModeConfig                    0x08009899   Thumb Code    18  stm32f10x_tim.o(.text)
    TIM_EncoderInterfaceConfig               0x080098ab   Thumb Code    66  stm32f10x_tim.o(.text)
    TIM_ForcedOC1Config                      0x080098ed   Thumb Code    18  stm32f10x_tim.o(.text)
    TIM_ForcedOC2Config                      0x080098ff   Thumb Code    26  stm32f10x_tim.o(.text)
    TIM_ForcedOC3Config                      0x08009919   Thumb Code    18  stm32f10x_tim.o(.text)
    TIM_ForcedOC4Config                      0x0800992b   Thumb Code    26  stm32f10x_tim.o(.text)
    TIM_ARRPreloadConfig                     0x08009945   Thumb Code    24  stm32f10x_tim.o(.text)
    TIM_SelectCOM                            0x0800995d   Thumb Code    24  stm32f10x_tim.o(.text)
    TIM_SelectCCDMA                          0x08009975   Thumb Code    24  stm32f10x_tim.o(.text)
    TIM_CCPreloadControl                     0x0800998d   Thumb Code    24  stm32f10x_tim.o(.text)
    TIM_OC1PreloadConfig                     0x080099a5   Thumb Code    18  stm32f10x_tim.o(.text)
    TIM_OC2PreloadConfig                     0x080099b7   Thumb Code    26  stm32f10x_tim.o(.text)
    TIM_OC3PreloadConfig                     0x080099d1   Thumb Code    18  stm32f10x_tim.o(.text)
    TIM_OC4PreloadConfig                     0x080099e3   Thumb Code    26  stm32f10x_tim.o(.text)
    TIM_OC1FastConfig                        0x080099fd   Thumb Code    18  stm32f10x_tim.o(.text)
    TIM_OC2FastConfig                        0x08009a0f   Thumb Code    26  stm32f10x_tim.o(.text)
    TIM_OC3FastConfig                        0x08009a29   Thumb Code    18  stm32f10x_tim.o(.text)
    TIM_OC4FastConfig                        0x08009a3b   Thumb Code    26  stm32f10x_tim.o(.text)
    TIM_ClearOC1Ref                          0x08009a55   Thumb Code    18  stm32f10x_tim.o(.text)
    TIM_ClearOC2Ref                          0x08009a67   Thumb Code    24  stm32f10x_tim.o(.text)
    TIM_ClearOC3Ref                          0x08009a7f   Thumb Code    18  stm32f10x_tim.o(.text)
    TIM_ClearOC4Ref                          0x08009a91   Thumb Code    24  stm32f10x_tim.o(.text)
    TIM_OC1PolarityConfig                    0x08009aa9   Thumb Code    18  stm32f10x_tim.o(.text)
    TIM_OC1NPolarityConfig                   0x08009abb   Thumb Code    18  stm32f10x_tim.o(.text)
    TIM_OC2PolarityConfig                    0x08009acd   Thumb Code    26  stm32f10x_tim.o(.text)
    TIM_OC2NPolarityConfig                   0x08009ae7   Thumb Code    26  stm32f10x_tim.o(.text)
    TIM_OC3PolarityConfig                    0x08009b01   Thumb Code    26  stm32f10x_tim.o(.text)
    TIM_OC3NPolarityConfig                   0x08009b1b   Thumb Code    26  stm32f10x_tim.o(.text)
    TIM_OC4PolarityConfig                    0x08009b35   Thumb Code    26  stm32f10x_tim.o(.text)
    TIM_CCxCmd                               0x08009b4f   Thumb Code    30  stm32f10x_tim.o(.text)
    TIM_CCxNCmd                              0x08009b6d   Thumb Code    30  stm32f10x_tim.o(.text)
    TIM_SelectOCxM                           0x08009b8b   Thumb Code    82  stm32f10x_tim.o(.text)
    TIM_UpdateDisableConfig                  0x08009bdd   Thumb Code    24  stm32f10x_tim.o(.text)
    TIM_UpdateRequestConfig                  0x08009bf5   Thumb Code    24  stm32f10x_tim.o(.text)
    TIM_SelectHallSensor                     0x08009c0d   Thumb Code    24  stm32f10x_tim.o(.text)
    TIM_SelectOnePulseMode                   0x08009c25   Thumb Code    18  stm32f10x_tim.o(.text)
    TIM_SelectOutputTrigger                  0x08009c37   Thumb Code    18  stm32f10x_tim.o(.text)
    TIM_SelectSlaveMode                      0x08009c49   Thumb Code    18  stm32f10x_tim.o(.text)
    TIM_SelectMasterSlaveMode                0x08009c5b   Thumb Code    18  stm32f10x_tim.o(.text)
    TIM_SetCounter                           0x08009c6d   Thumb Code     4  stm32f10x_tim.o(.text)
    TIM_SetAutoreload                        0x08009c71   Thumb Code     4  stm32f10x_tim.o(.text)
    TIM_SetCompare1                          0x08009c75   Thumb Code     4  stm32f10x_tim.o(.text)
    TIM_SetCompare2                          0x08009c79   Thumb Code     4  stm32f10x_tim.o(.text)
    TIM_SetCompare3                          0x08009c7d   Thumb Code     4  stm32f10x_tim.o(.text)
    TIM_SetCompare4                          0x08009c81   Thumb Code     6  stm32f10x_tim.o(.text)
    TIM_SetClockDivision                     0x08009c87   Thumb Code    18  stm32f10x_tim.o(.text)
    TIM_GetCapture1                          0x08009c99   Thumb Code     6  stm32f10x_tim.o(.text)
    TIM_GetCapture2                          0x08009c9f   Thumb Code     6  stm32f10x_tim.o(.text)
    TIM_GetCapture3                          0x08009ca5   Thumb Code     6  stm32f10x_tim.o(.text)
    TIM_GetCapture4                          0x08009cab   Thumb Code     8  stm32f10x_tim.o(.text)
    TIM_GetCounter                           0x08009cb3   Thumb Code     6  stm32f10x_tim.o(.text)
    TIM_GetPrescaler                         0x08009cb9   Thumb Code     6  stm32f10x_tim.o(.text)
    TIM_GetFlagStatus                        0x08009cbf   Thumb Code    18  stm32f10x_tim.o(.text)
    TIM_ClearFlag                            0x08009cd1   Thumb Code     6  stm32f10x_tim.o(.text)
    TIM_GetITStatus                          0x08009cd7   Thumb Code    34  stm32f10x_tim.o(.text)
    TIM_ClearITPendingBit                    0x08009cf9   Thumb Code     6  stm32f10x_tim.o(.text)
    SDIO_DeInit                              0x08009d01   Thumb Code    28  stm32f10x_sdio.o(.text)
    SDIO_Init                                0x08009d1d   Thumb Code    42  stm32f10x_sdio.o(.text)
    SDIO_StructInit                          0x08009d47   Thumb Code    16  stm32f10x_sdio.o(.text)
    SDIO_ClockCmd                            0x08009d57   Thumb Code     6  stm32f10x_sdio.o(.text)
    SDIO_SetPowerState                       0x08009d5d   Thumb Code    22  stm32f10x_sdio.o(.text)
    SDIO_GetPowerState                       0x08009d73   Thumb Code    10  stm32f10x_sdio.o(.text)
    SDIO_ITConfig                            0x08009d7d   Thumb Code    26  stm32f10x_sdio.o(.text)
    SDIO_DMACmd                              0x08009d97   Thumb Code     6  stm32f10x_sdio.o(.text)
    SDIO_SendCommand                         0x08009d9d   Thumb Code    38  stm32f10x_sdio.o(.text)
    SDIO_CmdStructInit                       0x08009dc3   Thumb Code    14  stm32f10x_sdio.o(.text)
    SDIO_GetCommandResponse                  0x08009dd1   Thumb Code     8  stm32f10x_sdio.o(.text)
    SDIO_GetResponse                         0x08009dd9   Thumb Code    22  stm32f10x_sdio.o(.text)
    SDIO_DataConfig                          0x08009def   Thumb Code    42  stm32f10x_sdio.o(.text)
    SDIO_DataStructInit                      0x08009e19   Thumb Code    20  stm32f10x_sdio.o(.text)
    SDIO_GetDataCounter                      0x08009e2d   Thumb Code     6  stm32f10x_sdio.o(.text)
    SDIO_ReadData                            0x08009e33   Thumb Code     8  stm32f10x_sdio.o(.text)
    SDIO_WriteData                           0x08009e3b   Thumb Code     8  stm32f10x_sdio.o(.text)
    SDIO_GetFIFOCount                        0x08009e43   Thumb Code     6  stm32f10x_sdio.o(.text)
    SDIO_StartSDIOReadWait                   0x08009e49   Thumb Code     8  stm32f10x_sdio.o(.text)
    SDIO_StopSDIOReadWait                    0x08009e51   Thumb Code     8  stm32f10x_sdio.o(.text)
    SDIO_SetSDIOReadWaitMode                 0x08009e59   Thumb Code     8  stm32f10x_sdio.o(.text)
    SDIO_SetSDIOOperation                    0x08009e61   Thumb Code     8  stm32f10x_sdio.o(.text)
    SDIO_SendSDIOSuspendCmd                  0x08009e69   Thumb Code     6  stm32f10x_sdio.o(.text)
    SDIO_CommandCompletionCmd                0x08009e6f   Thumb Code     8  stm32f10x_sdio.o(.text)
    SDIO_CEATAITCmd                          0x08009e77   Thumb Code    12  stm32f10x_sdio.o(.text)
    SDIO_SendCEATACmd                        0x08009e83   Thumb Code     8  stm32f10x_sdio.o(.text)
    SDIO_GetFlagStatus                       0x08009e8b   Thumb Code    20  stm32f10x_sdio.o(.text)
    SDIO_ClearFlag                           0x08009e9f   Thumb Code     6  stm32f10x_sdio.o(.text)
    SDIO_GetITStatus                         0x08009ea5   Thumb Code    20  stm32f10x_sdio.o(.text)
    SDIO_ClearITPendingBit                   0x08009eb9   Thumb Code     6  stm32f10x_sdio.o(.text)
    DMA_DeInit                               0x08009ed5   Thumb Code   324  stm32f10x_dma.o(.text)
    DMA_Init                                 0x0800a019   Thumb Code    60  stm32f10x_dma.o(.text)
    DMA_StructInit                           0x0800a055   Thumb Code    26  stm32f10x_dma.o(.text)
    DMA_Cmd                                  0x0800a06f   Thumb Code    24  stm32f10x_dma.o(.text)
    DMA_ITConfig                             0x0800a087   Thumb Code    18  stm32f10x_dma.o(.text)
    DMA_SetCurrDataCounter                   0x0800a099   Thumb Code     4  stm32f10x_dma.o(.text)
    DMA_GetCurrDataCounter                   0x0800a09d   Thumb Code     8  stm32f10x_dma.o(.text)
    DMA_GetFlagStatus                        0x0800a0a5   Thumb Code    40  stm32f10x_dma.o(.text)
    DMA_ClearFlag                            0x0800a0cd   Thumb Code    22  stm32f10x_dma.o(.text)
    DMA_GetITStatus                          0x0800a0e3   Thumb Code    40  stm32f10x_dma.o(.text)
    DMA_ClearITPendingBit                    0x0800a10b   Thumb Code    22  stm32f10x_dma.o(.text)
    ADC_DeInit                               0x0800a129   Thumb Code    78  stm32f10x_adc.o(.text)
    ADC_Init                                 0x0800a177   Thumb Code    70  stm32f10x_adc.o(.text)
    ADC_StructInit                           0x0800a1bd   Thumb Code    18  stm32f10x_adc.o(.text)
    ADC_Cmd                                  0x0800a1cf   Thumb Code    22  stm32f10x_adc.o(.text)
    ADC_DMACmd                               0x0800a1e5   Thumb Code    22  stm32f10x_adc.o(.text)
    ADC_ITConfig                             0x0800a1fb   Thumb Code    24  stm32f10x_adc.o(.text)
    ADC_ResetCalibration                     0x0800a213   Thumb Code    10  stm32f10x_adc.o(.text)
    ADC_GetResetCalibrationStatus            0x0800a21d   Thumb Code    20  stm32f10x_adc.o(.text)
    ADC_StartCalibration                     0x0800a231   Thumb Code    10  stm32f10x_adc.o(.text)
    ADC_GetCalibrationStatus                 0x0800a23b   Thumb Code    20  stm32f10x_adc.o(.text)
    ADC_SoftwareStartConvCmd                 0x0800a24f   Thumb Code    22  stm32f10x_adc.o(.text)
    ADC_GetSoftwareStartConvStatus           0x0800a265   Thumb Code    20  stm32f10x_adc.o(.text)
    ADC_DiscModeChannelCountConfig           0x0800a279   Thumb Code    24  stm32f10x_adc.o(.text)
    ADC_DiscModeCmd                          0x0800a291   Thumb Code    22  stm32f10x_adc.o(.text)
    ADC_RegularChannelConfig                 0x0800a2a7   Thumb Code   184  stm32f10x_adc.o(.text)
    ADC_ExternalTrigConvCmd                  0x0800a35f   Thumb Code    22  stm32f10x_adc.o(.text)
    ADC_GetConversionValue                   0x0800a375   Thumb Code     8  stm32f10x_adc.o(.text)
    ADC_GetDualModeConversionValue           0x0800a37d   Thumb Code     8  stm32f10x_adc.o(.text)
    ADC_AutoInjectedConvCmd                  0x0800a385   Thumb Code    22  stm32f10x_adc.o(.text)
    ADC_InjectedDiscModeCmd                  0x0800a39b   Thumb Code    22  stm32f10x_adc.o(.text)
    ADC_ExternalTrigInjectedConvConfig       0x0800a3b1   Thumb Code    16  stm32f10x_adc.o(.text)
    ADC_ExternalTrigInjectedConvCmd          0x0800a3c1   Thumb Code    22  stm32f10x_adc.o(.text)
    ADC_SoftwareStartInjectedConvCmd         0x0800a3d7   Thumb Code    22  stm32f10x_adc.o(.text)
    ADC_GetSoftwareStartInjectedConvCmdStatus 0x0800a3ed   Thumb Code    20  stm32f10x_adc.o(.text)
    ADC_InjectedChannelConfig                0x0800a401   Thumb Code   130  stm32f10x_adc.o(.text)
    ADC_InjectedSequencerLengthConfig        0x0800a483   Thumb Code    24  stm32f10x_adc.o(.text)
    ADC_SetInjectedOffset                    0x0800a49b   Thumb Code    20  stm32f10x_adc.o(.text)
    ADC_GetInjectedConversionValue           0x0800a4af   Thumb Code    28  stm32f10x_adc.o(.text)
    ADC_AnalogWatchdogCmd                    0x0800a4cb   Thumb Code    16  stm32f10x_adc.o(.text)
    ADC_AnalogWatchdogThresholdsConfig       0x0800a4db   Thumb Code     6  stm32f10x_adc.o(.text)
    ADC_AnalogWatchdogSingleChannelConfig    0x0800a4e1   Thumb Code    16  stm32f10x_adc.o(.text)
    ADC_TempSensorVrefintCmd                 0x0800a4f1   Thumb Code    64  stm32f10x_adc.o(.text)
    ADC_GetFlagStatus                        0x0800a531   Thumb Code    18  stm32f10x_adc.o(.text)
    ADC_ClearFlag                            0x0800a543   Thumb Code     6  stm32f10x_adc.o(.text)
    ADC_GetITStatus                          0x0800a549   Thumb Code    36  stm32f10x_adc.o(.text)
    ADC_ClearITPendingBit                    0x0800a56d   Thumb Code    10  stm32f10x_adc.o(.text)
    mymemcpy                                 0x0800a579   Thumb Code    26  malloc.o(.text)
    mymemset                                 0x0800a593   Thumb Code    20  malloc.o(.text)
    my_mem_init                              0x0800a5a7   Thumb Code    54  malloc.o(.text)
    my_mem_perused                           0x0800a5dd   Thumb Code    54  malloc.o(.text)
    my_mem_malloc                            0x0800a613   Thumb Code   154  malloc.o(.text)
    my_mem_free                              0x0800a6ad   Thumb Code    94  malloc.o(.text)
    myfree                                   0x0800a70b   Thumb Code    32  malloc.o(.text)
    mymalloc                                 0x0800a72b   Thumb Code    36  malloc.o(.text)
    myrealloc                                0x0800a74f   Thumb Code    68  malloc.o(.text)
    disk_status                              0x0800a7a5   Thumb Code     6  diskio.o(.text)
    disk_initialize                          0x0800a7ab   Thumb Code    52  diskio.o(.text)
    disk_read                                0x0800a7df   Thumb Code   122  diskio.o(.text)
    disk_write                               0x0800a859   Thumb Code   122  diskio.o(.text)
    disk_ioctl                               0x0800a8d3   Thumb Code   170  diskio.o(.text)
    get_fattime                              0x0800a97d   Thumb Code     4  diskio.o(.text)
    ff_memalloc                              0x0800a981   Thumb Code    14  diskio.o(.text)
    ff_memfree                               0x0800a98f   Thumb Code    14  diskio.o(.text)
    clust2sect                               0x0800ab5b   Thumb Code    26  ff.o(.text)
    get_fat                                  0x0800ab75   Thumb Code   242  ff.o(.text)
    put_fat                                  0x0800ac67   Thumb Code   322  ff.o(.text)
    dir_sdi                                  0x0800af1d   Thumb Code   158  ff.o(.text)
    f_mount                                  0x0800bfa7   Thumb Code    86  ff.o(.text)
    f_open                                   0x0800bffd   Thumb Code   384  ff.o(.text)
    f_read                                   0x0800c17d   Thumb Code   450  ff.o(.text)
    f_write                                  0x0800c33f   Thumb Code   490  ff.o(.text)
    f_sync                                   0x0800c529   Thumb Code   176  ff.o(.text)
    f_close                                  0x0800c5d9   Thumb Code    32  ff.o(.text)
    f_lseek                                  0x0800c5f9   Thumb Code   684  ff.o(.text)
    f_opendir                                0x0800c8a5   Thumb Code   136  ff.o(.text)
    f_closedir                               0x0800c92d   Thumb Code    22  ff.o(.text)
    f_readdir                                0x0800c943   Thumb Code   114  ff.o(.text)
    f_stat                                   0x0800c9b5   Thumb Code    84  ff.o(.text)
    f_getfree                                0x0800ca09   Thumb Code   258  ff.o(.text)
    f_truncate                               0x0800cb0b   Thumb Code   184  ff.o(.text)
    f_unlink                                 0x0800cbc3   Thumb Code   190  ff.o(.text)
    f_mkdir                                  0x0800cc81   Thumb Code   380  ff.o(.text)
    f_chmod                                  0x0800cdfd   Thumb Code   112  ff.o(.text)
    f_rename                                 0x0800ce6d   Thumb Code   290  ff.o(.text)
    f_utime                                  0x0800cf8f   Thumb Code   110  ff.o(.text)
    f_getlabel                               0x0800cffd   Thumb Code   190  ff.o(.text)
    f_setlabel                               0x0800d0bb   Thumb Code   482  ff.o(.text)
    f_mkfs                                   0x0800d29d   Thumb Code  1578  ff.o(.text)
    f_gets                                   0x0800d8c7   Thumb Code    82  ff.o(.text)
    f_putc                                   0x0800d95d   Thumb Code    64  ff.o(.text)
    f_puts                                   0x0800d99d   Thumb Code    74  ff.o(.text)
    f_printf                                 0x0800d9e7   Thumb Code   674  ff.o(.text)
    exfuns_init                              0x0800dc89   Thumb Code   114  exfuns.o(.text)
    char_upper                               0x0800dcfb   Thumb Code    26  exfuns.o(.text)
    f_typetell                               0x0800dd15   Thumb Code   188  exfuns.o(.text)
    exf_getfree                              0x0800ddd1   Thumb Code    74  exfuns.o(.text)
    ff_convert                               0x0800de31   Thumb Code   146  mycc936.o(.text)
    ff_wtoupper                              0x0800dec3   Thumb Code    46  mycc936.o(.text)
    usmart_sys_cmd_exe                       0x0800defd   Thumb Code  1554  usmart.o(.text)
    usmart_reset_runtime                     0x0800e50f   Thumb Code    38  usmart.o(.text)
    usmart_get_runtime                       0x0800e535   Thumb Code    60  usmart.o(.text)
    TIM4_IRQHandler                          0x0800e571   Thumb Code    46  usmart.o(.text)
    Timer4_Init                              0x0800e59f   Thumb Code    88  usmart.o(.text)
    usmart_init                              0x0800e5f7   Thumb Code    36  usmart.o(.text)
    usmart_cmd_rec                           0x0800e61b   Thumb Code   170  usmart.o(.text)
    usmart_exe                               0x0800e6c5   Thumb Code   870  usmart.o(.text)
    usmart_scan                              0x0800ea2b   Thumb Code   120  usmart.o(.text)
    read_addr                                0x0800eaa3   Thumb Code     6  usmart.o(.text)
    write_addr                               0x0800eaa9   Thumb Code     4  usmart.o(.text)
    usmart_strcmp                            0x0800eb35   Thumb Code    34  usmart_str.o(.text)
    usmart_strcopy                           0x0800eb57   Thumb Code    22  usmart_str.o(.text)
    usmart_strlen                            0x0800eb6d   Thumb Code    24  usmart_str.o(.text)
    usmart_pow                               0x0800eb85   Thumb Code    22  usmart_str.o(.text)
    usmart_str2num                           0x0800eb9b   Thumb Code   202  usmart_str.o(.text)
    usmart_get_cmdname                       0x0800ec65   Thumb Code    54  usmart_str.o(.text)
    usmart_search_nextc                      0x0800ec9b   Thumb Code    22  usmart_str.o(.text)
    usmart_get_fname                         0x0800ecb1   Thumb Code   440  usmart_str.o(.text)
    usmart_get_aparm                         0x0800ee69   Thumb Code   200  usmart_str.o(.text)
    usmart_get_parmpos                       0x0800ef31   Thumb Code    26  usmart_str.o(.text)
    usmart_get_fparam                        0x0800ef4b   Thumb Code   262  usmart_str.o(.text)
    fupd_prog                                0x0800f05d   Thumb Code   134  fontupd.o(.text)
    updata_fontx                             0x0800f0e3   Thumb Code   346  fontupd.o(.text)
    update_font                              0x0800f23d   Thumb Code   882  fontupd.o(.text)
    font_init                                0x0800f5af   Thumb Code    64  fontupd.o(.text)
    Get_HzMat                                0x0800f62d   Thumb Code   220  text.o(.text)
    Show_Font                                0x0800f709   Thumb Code   190  text.o(.text)
    Show_Str                                 0x0800f7c7   Thumb Code   192  text.o(.text)
    Show_Str_Mid                             0x0800f887   Thumb Code   106  text.o(.text)
    __use_no_semihosting                     0x0800f901   Thumb Code     2  use_no_semi_2.o(.text)
    __aeabi_ldivmod                          0x0800f903   Thumb Code     0  llsdiv.o(.text)
    _ll_sdiv                                 0x0800f903   Thumb Code    72  llsdiv.o(.text)
    __2printf                                0x0800f94d   Thumb Code    20  noretval__2printf.o(.text)
    _printf_pre_padding                      0x0800f965   Thumb Code    44  _printf_pad.o(.text)
    _printf_post_padding                     0x0800f991   Thumb Code    34  _printf_pad.o(.text)
    _printf_str                              0x0800f9b3   Thumb Code    82  _printf_str.o(.text)
    _printf_int_dec                          0x0800fa05   Thumb Code   104  _printf_dec.o(.text)
    _printf_int_hex                          0x0800fa7d   Thumb Code    84  _printf_hex_int.o(.text)
    _printf_longlong_hex                     0x0800fa7d   Thumb Code     0  _printf_hex_int.o(.text)
    __printf                                 0x0800fad5   Thumb Code   388  __printf_flags_ss_wp.o(.text)
    strcpy                                   0x0800fc5d   Thumb Code    72  strcpy.o(.text)
    strlen                                   0x0800fca5   Thumb Code    62  strlen.o(.text)
    strcat                                   0x0800fce3   Thumb Code    24  strcat.o(.text)
    __aeabi_memcpy                           0x0800fcfb   Thumb Code     0  rt_memcpy_v6.o(.text)
    __rt_memcpy                              0x0800fcfb   Thumb Code   138  rt_memcpy_v6.o(.text)
    _memcpy_lastbytes                        0x0800fd61   Thumb Code     0  rt_memcpy_v6.o(.text)
    strcmp                                   0x0800fd85   Thumb Code   128  strcmpv7m.o(.text)
    __use_two_region_memory                  0x0800fe05   Thumb Code     2  heapauxi.o(.text)
    __rt_heap_escrow                         0x0800fe07   Thumb Code     2  heapauxi.o(.text)
    __rt_heap_expand                         0x0800fe09   Thumb Code     2  heapauxi.o(.text)
    __I$use$semihosting                      0x0800fe0b   Thumb Code     0  use_no_semi.o(.text)
    __use_no_semihosting_swi                 0x0800fe0b   Thumb Code     2  use_no_semi.o(.text)
    __aeabi_uldivmod                         0x0800fe0d   Thumb Code     0  lludivv7m.o(.text)
    _ll_udiv                                 0x0800fe0d   Thumb Code   238  lludivv7m.o(.text)
    _printf_int_common                       0x0800fefb   Thumb Code   178  _printf_intcommon.o(.text)
    _printf_cs_common                        0x0800ffad   Thumb Code    20  _printf_char.o(.text)
    _printf_char                             0x0800ffc1   Thumb Code    16  _printf_char.o(.text)
    _printf_string                           0x0800ffd1   Thumb Code     8  _printf_char.o(.text)
    _printf_char_file                        0x0800ffd9   Thumb Code    32  _printf_char_file.o(.text)
    __aeabi_memcpy4                          0x0800fffd   Thumb Code     0  rt_memcpy_w.o(.text)
    __aeabi_memcpy8                          0x0800fffd   Thumb Code     0  rt_memcpy_w.o(.text)
    __rt_memcpy_w                            0x0800fffd   Thumb Code   100  rt_memcpy_w.o(.text)
    _memcpy_lastbytes_aligned                0x08010045   Thumb Code     0  rt_memcpy_w.o(.text)
    __user_libspace                          0x08010061   Thumb Code     8  libspace.o(.text)
    __user_perproc_libspace                  0x08010061   Thumb Code     0  libspace.o(.text)
    __user_perthread_libspace                0x08010061   Thumb Code     0  libspace.o(.text)
    _printf_char_common                      0x08010073   Thumb Code    32  _printf_char_common.o(.text)
    ferror                                   0x08010099   Thumb Code     8  ferror.o(.text)
    __user_setup_stackheap                   0x080100a1   Thumb Code    74  sys_stackheap_outer.o(.text)
    exit                                     0x080100eb   Thumb Code    12  exit.o(.text)
    _is_digit                                0x080100f7   Thumb Code    14  __printf_wp.o(i._is_digit)
    __aeabi_ddiv                             0x08010105   Thumb Code     0  ddiv.o(x$fpl$ddiv)
    _ddiv                                    0x08010105   Thumb Code   552  ddiv.o(x$fpl$ddiv)
    __aeabi_d2iz                             0x080103b5   Thumb Code     0  dfix.o(x$fpl$dfix)
    _dfix                                    0x080103b5   Thumb Code    94  dfix.o(x$fpl$dfix)
    __aeabi_d2uiz                            0x08010415   Thumb Code     0  dfixu.o(x$fpl$dfixu)
    _dfixu                                   0x08010415   Thumb Code    90  dfixu.o(x$fpl$dfixu)
    __aeabi_ui2d                             0x0801046f   Thumb Code     0  dflt_clz.o(x$fpl$dfltu)
    _dfltu                                   0x0801046f   Thumb Code    38  dflt_clz.o(x$fpl$dfltu)
    __aeabi_dmul                             0x08010495   Thumb Code     0  dmul.o(x$fpl$dmul)
    _dmul                                    0x08010495   Thumb Code   332  dmul.o(x$fpl$dmul)
    __fpl_dnaninf                            0x080105e9   Thumb Code   156  dnaninf.o(x$fpl$dnaninf)
    __fpl_dretinf                            0x08010685   Thumb Code    12  dretinf.o(x$fpl$dretinf)
    __fpl_fcmp_Inf                           0x08010691   Thumb Code    24  fcmpi.o(x$fpl$fcmpinf)
    __aeabi_fdiv                             0x080106a9   Thumb Code     0  fdiv.o(x$fpl$fdiv)
    _fdiv                                    0x080106a9   Thumb Code   384  fdiv.o(x$fpl$fdiv)
    __aeabi_cfcmpeq                          0x0801082d   Thumb Code     0  feqf.o(x$fpl$feqf)
    _fcmpeq                                  0x0801082d   Thumb Code   104  feqf.o(x$fpl$feqf)
    __aeabi_f2uiz                            0x08010895   Thumb Code     0  ffixu.o(x$fpl$ffixu)
    _ffixu                                   0x08010895   Thumb Code    62  ffixu.o(x$fpl$ffixu)
    __aeabi_ui2f                             0x080108d5   Thumb Code     0  fflt_clz.o(x$fpl$ffltu)
    _ffltu                                   0x080108d5   Thumb Code    38  fflt_clz.o(x$fpl$ffltu)
    __aeabi_fmul                             0x080108fd   Thumb Code     0  fmul.o(x$fpl$fmul)
    _fmul                                    0x080108fd   Thumb Code   258  fmul.o(x$fpl$fmul)
    __fpl_fnaninf                            0x080109ff   Thumb Code   140  fnaninf.o(x$fpl$fnaninf)
    __fpl_fretinf                            0x08010a8b   Thumb Code    10  fretinf.o(x$fpl$fretinf)
    __I$use$fp                               0x08010a94   Number         0  usenofp.o(x$fpl$usenofp)
    asc2_1206                                0x08010a94   Data        1140  lcd.o(.constdata)
    asc2_1608                                0x08010f08   Data        1520  lcd.o(.constdata)
    asc2_2412                                0x080114f8   Data        3420  lcd.o(.constdata)
    memtblsize                               0x08012254   Data           8  malloc.o(.constdata)
    memblksize                               0x0801225c   Data           8  malloc.o(.constdata)
    memsize                                  0x08012264   Data           8  malloc.o(.constdata)
    FILE_TYPE_TBL                            0x080122a8   Data         312  exfuns.o(.constdata)
    GBK24_PATH                               0x080127a0   Data           4  fontupd.o(.constdata)
    GBK16_PATH                               0x080127a4   Data           4  fontupd.o(.constdata)
    GBK12_PATH                               0x080127a8   Data           4  fontupd.o(.constdata)
    UNIGBK_PATH                              0x080127ac   Data           4  fontupd.o(.constdata)
    Region$$Table$$Base                      0x080129a8   Number         0  anon$$obj.o(Region$$Table)
    Region$$Table$$Limit                     0x080129c8   Number         0  anon$$obj.o(Region$$Table)
    SystemCoreClock                          0x20000004   Data           4  system_stm32f10x.o(.data)
    AHBPrescTable                            0x20000008   Data          16  system_stm32f10x.o(.data)
    POINT_COLOR                              0x2000001a   Data           2  lcd.o(.data)
    BACK_COLOR                               0x2000001c   Data           2  lcd.o(.data)
    W25QXX_TYPE                              0x2000001e   Data           2  w25qxx.o(.data)
    TransferError                            0x2000002a   Data           1  sdio_sdcard.o(.data)
    TransferEnd                              0x2000002b   Data           1  sdio_sdcard.o(.data)
    tempbuff                                 0x2000002c   Data           4  sdio_sdcard.o(.data)
    __stdout                                 0x20000034   Data           4  usart.o(.data)
    USART_RX_STA                             0x20000038   Data           2  usart.o(.data)
    mallco_dev                               0x20000050   Data          28  malloc.o(.data)
    FLASH_SECTOR_COUNT                       0x2000006c   Data           2  diskio.o(.data)
    fs                                       0x2000007c   Data           8  exfuns.o(.data)
    file                                     0x20000084   Data           4  exfuns.o(.data)
    ftemp                                    0x20000088   Data           4  exfuns.o(.data)
    br                                       0x2000008c   Data           4  exfuns.o(.data)
    bw                                       0x20000090   Data           4  exfuns.o(.data)
    fatbuf                                   0x20000094   Data           4  exfuns.o(.data)
    sys_cmd_tab                              0x20000098   Data          28  usmart.o(.data)
    usmart_nametab                           0x200000b4   Data          24  usmart_config.o(.data)
    usmart_dev                               0x200000cc   Data         244  usmart_config.o(.data)
    lcddev                                   0x200001c0   Data          14  lcd.o(.bss)
    W25QXX_BUFFER                            0x200001ce   Data        4096  w25qxx.o(.bss)
    SDIO_InitStructure                       0x200011d0   Data          24  sdio_sdcard.o(.bss)
    SDIO_CmdInitStructure                    0x200011e8   Data          20  sdio_sdcard.o(.bss)
    SDIO_DataInitStructure                   0x200011fc   Data          24  sdio_sdcard.o(.bss)
    SDCardInfo                               0x20001238   Data          88  sdio_sdcard.o(.bss)
    SDIO_DATA_BUFFER                         0x20001290   Data         512  sdio_sdcard.o(.bss)
    USART_RX_BUF                             0x20001490   Data         200  usart.o(.bss)
    mem1base                                 0x20001560   Data       40960  malloc.o(.bss)
    mem1mapbase                              0x2000b560   Data        2560  malloc.o(.bss)
    ftinfo                                   0x2000bf60   Data          33  fontupd.o(.bss)
    __libspace_start                         0x2000bf84   Data          96  libspace.o(.bss)
    __temporary_stack_top$libspace           0x2000bfe4   Data           0  libspace.o(.bss)
    mem2base                                 0x68000000   Data       983040  malloc.o(.ARM.__AT_0x68000000)
    mem2mapbase                              0x680f0000   Data       61440  malloc.o(.ARM.__AT_0x680F0000)



==============================================================================

Memory Map of the image

  Image Entry point : 0x08000131

  Load Region LR_IROM1 (Base: 0x08000000, Size: 0x00012b88, Max: 0x00080000, ABSOLUTE, COMPRESSED[0x00012a48])

    Execution Region ER_IROM1 (Base: 0x08000000, Size: 0x000129c8, Max: 0x00080000, ABSOLUTE)

    Base Addr    Size         Type   Attr      Idx    E Section Name        Object

    0x08000000   0x00000130   Data   RO          549    RESET               startup_stm32f10x_hd.o
    0x08000130   0x00000008   Code   RO         1009  * !!!main             c_w.l(__main.o)
    0x08000138   0x00000034   Code   RO         1285    !!!scatter          c_w.l(__scatter.o)
    0x0800016c   0x0000005a   Code   RO         1283    !!dczerorl2         c_w.l(__dczerorl2.o)
    0x080001c6   0x00000002   PAD
    0x080001c8   0x0000001c   Code   RO         1287    !!handler_zi        c_w.l(__scatter_zi.o)
    0x080001e4   0x00000000   Code   RO          996    .ARM.Collect$$_printf_percent$$00000000  c_w.l(_printf_percent.o)
    0x080001e4   0x00000006   Code   RO          994    .ARM.Collect$$_printf_percent$$00000009  c_w.l(_printf_d.o)
    0x080001ea   0x00000006   Code   RO          995    .ARM.Collect$$_printf_percent$$0000000A  c_w.l(_printf_u.o)
    0x080001f0   0x00000006   Code   RO          993    .ARM.Collect$$_printf_percent$$0000000C  c_w.l(_printf_x.o)
    0x080001f6   0x00000006   Code   RO          991    .ARM.Collect$$_printf_percent$$00000013  c_w.l(_printf_c.o)
    0x080001fc   0x00000006   Code   RO          992    .ARM.Collect$$_printf_percent$$00000014  c_w.l(_printf_s.o)
    0x08000202   0x00000004   Code   RO         1087    .ARM.Collect$$_printf_percent$$00000017  c_w.l(_printf_percent_end.o)
    0x08000206   0x00000002   Code   RO         1223    .ARM.Collect$$libinit$$00000000  c_w.l(libinit.o)
    0x08000208   0x00000000   Code   RO         1093    .ARM.Collect$$libinit$$00000002  c_w.l(libinit2.o)
    0x08000208   0x00000000   Code   RO         1095    .ARM.Collect$$libinit$$00000004  c_w.l(libinit2.o)
    0x08000208   0x00000000   Code   RO         1098    .ARM.Collect$$libinit$$0000000A  c_w.l(libinit2.o)
    0x08000208   0x00000000   Code   RO         1100    .ARM.Collect$$libinit$$0000000C  c_w.l(libinit2.o)
    0x08000208   0x00000000   Code   RO         1102    .ARM.Collect$$libinit$$0000000E  c_w.l(libinit2.o)
    0x08000208   0x00000000   Code   RO         1105    .ARM.Collect$$libinit$$00000011  c_w.l(libinit2.o)
    0x08000208   0x00000000   Code   RO         1107    .ARM.Collect$$libinit$$00000013  c_w.l(libinit2.o)
    0x08000208   0x00000000   Code   RO         1109    .ARM.Collect$$libinit$$00000015  c_w.l(libinit2.o)
    0x08000208   0x00000000   Code   RO         1111    .ARM.Collect$$libinit$$00000017  c_w.l(libinit2.o)
    0x08000208   0x00000000   Code   RO         1113    .ARM.Collect$$libinit$$00000019  c_w.l(libinit2.o)
    0x08000208   0x00000000   Code   RO         1115    .ARM.Collect$$libinit$$0000001B  c_w.l(libinit2.o)
    0x08000208   0x00000000   Code   RO         1117    .ARM.Collect$$libinit$$0000001D  c_w.l(libinit2.o)
    0x08000208   0x00000000   Code   RO         1119    .ARM.Collect$$libinit$$0000001F  c_w.l(libinit2.o)
    0x08000208   0x00000000   Code   RO         1121    .ARM.Collect$$libinit$$00000021  c_w.l(libinit2.o)
    0x08000208   0x00000000   Code   RO         1123    .ARM.Collect$$libinit$$00000023  c_w.l(libinit2.o)
    0x08000208   0x00000000   Code   RO         1125    .ARM.Collect$$libinit$$00000025  c_w.l(libinit2.o)
    0x08000208   0x00000000   Code   RO         1129    .ARM.Collect$$libinit$$0000002C  c_w.l(libinit2.o)
    0x08000208   0x00000000   Code   RO         1131    .ARM.Collect$$libinit$$0000002E  c_w.l(libinit2.o)
    0x08000208   0x00000000   Code   RO         1133    .ARM.Collect$$libinit$$00000030  c_w.l(libinit2.o)
    0x08000208   0x00000000   Code   RO         1135    .ARM.Collect$$libinit$$00000032  c_w.l(libinit2.o)
    0x08000208   0x00000002   Code   RO         1136    .ARM.Collect$$libinit$$00000033  c_w.l(libinit2.o)
    0x0800020a   0x00000002   Code   RO         1280    .ARM.Collect$$libshutdown$$00000000  c_w.l(libshutdown.o)
    0x0800020c   0x00000000   Code   RO         1240    .ARM.Collect$$libshutdown$$00000003  c_w.l(libshutdown2.o)
    0x0800020c   0x00000000   Code   RO         1243    .ARM.Collect$$libshutdown$$00000006  c_w.l(libshutdown2.o)
    0x0800020c   0x00000000   Code   RO         1246    .ARM.Collect$$libshutdown$$00000009  c_w.l(libshutdown2.o)
    0x0800020c   0x00000000   Code   RO         1248    .ARM.Collect$$libshutdown$$0000000B  c_w.l(libshutdown2.o)
    0x0800020c   0x00000000   Code   RO         1251    .ARM.Collect$$libshutdown$$0000000E  c_w.l(libshutdown2.o)
    0x0800020c   0x00000002   Code   RO         1252    .ARM.Collect$$libshutdown$$0000000F  c_w.l(libshutdown2.o)
    0x0800020e   0x00000000   Code   RO         1053    .ARM.Collect$$rtentry$$00000000  c_w.l(__rtentry.o)
    0x0800020e   0x00000000   Code   RO         1154    .ARM.Collect$$rtentry$$00000002  c_w.l(__rtentry2.o)
    0x0800020e   0x00000006   Code   RO         1166    .ARM.Collect$$rtentry$$00000004  c_w.l(__rtentry4.o)
    0x08000214   0x00000000   Code   RO         1156    .ARM.Collect$$rtentry$$00000009  c_w.l(__rtentry2.o)
    0x08000214   0x00000004   Code   RO         1157    .ARM.Collect$$rtentry$$0000000A  c_w.l(__rtentry2.o)
    0x08000218   0x00000000   Code   RO         1159    .ARM.Collect$$rtentry$$0000000C  c_w.l(__rtentry2.o)
    0x08000218   0x00000008   Code   RO         1160    .ARM.Collect$$rtentry$$0000000D  c_w.l(__rtentry2.o)
    0x08000220   0x00000002   Code   RO         1224    .ARM.Collect$$rtexit$$00000000  c_w.l(rtexit.o)
    0x08000222   0x00000000   Code   RO         1254    .ARM.Collect$$rtexit$$00000002  c_w.l(rtexit2.o)
    0x08000222   0x00000004   Code   RO         1255    .ARM.Collect$$rtexit$$00000003  c_w.l(rtexit2.o)
    0x08000226   0x00000006   Code   RO         1256    .ARM.Collect$$rtexit$$00000004  c_w.l(rtexit2.o)
    0x0800022c   0x00000490   Code   RO            1    .text               main.o
    0x080006bc   0x0000001a   Code   RO          191    .text               stm32f10x_it.o
    0x080006d6   0x00000002   PAD
    0x080006d8   0x000001e0   Code   RO          232    .text               system_stm32f10x.o
    0x080008b8   0x0000004c   Code   RO          250    .text               led.o
    0x08000904   0x000000b4   Code   RO          262    .text               key.o
    0x080009b8   0x00004a5c   Code   RO          275    .text               lcd.o
    0x08005414   0x00000108   Code   RO          305    .text               spi.o
    0x0800551c   0x00000368   Code   RO          320    .text               w25qxx.o
    0x08005884   0x00001c30   Code   RO          339    .text               sdio_sdcard.o
    0x080074b4   0x0000019c   Code   RO          447    .text               dht11.o
    0x08007650   0x000000e8   Code   RO          459    .text               adc.o
    0x08007738   0x0000004c   Code   RO          471    .text               buzzer.o
    0x08007784   0x000000d4   Code   RO          483    .text               delay.o
    0x08007858   0x0000000c   Code   RO          498    .text               sys.o
    0x08007864   0x00000144   Code   RO          514    .text               usart.o
    0x080079a8   0x00000040   Code   RO          550    .text               startup_stm32f10x_hd.o
    0x080079e8   0x000000dc   Code   RO          554    .text               misc.o
    0x08007ac4   0x0000060c   Code   RO          566    .text               stm32f10x_fsmc.o
    0x080080d0   0x0000035c   Code   RO          578    .text               stm32f10x_gpio.o
    0x0800842c   0x000003a4   Code   RO          590    .text               stm32f10x_rcc.o
    0x080087d0   0x0000030c   Code   RO          604    .text               stm32f10x_spi.o
    0x08008adc   0x00000408   Code   RO          616    .text               stm32f10x_usart.o
    0x08008ee4   0x00000e1a   Code   RO          628    .text               stm32f10x_tim.o
    0x08009cfe   0x00000002   PAD
    0x08009d00   0x000001d4   Code   RO          640    .text               stm32f10x_sdio.o
    0x08009ed4   0x00000254   Code   RO          652    .text               stm32f10x_dma.o
    0x0800a128   0x0000044e   Code   RO          664    .text               stm32f10x_adc.o
    0x0800a576   0x00000002   PAD
    0x0800a578   0x0000022c   Code   RO          676    .text               malloc.o
    0x0800a7a4   0x00000200   Code   RO          698    .text               diskio.o
    0x0800a9a4   0x000032e4   Code   RO          716    .text               ff.o
    0x0800dc88   0x000001a8   Code   RO          737    .text               exfuns.o
    0x0800de30   0x000000cc   Code   RO          780    .text               mycc936.o
    0x0800defc   0x00000c38   Code   RO          793    .text               usmart.o
    0x0800eb34   0x00000528   Code   RO          822    .text               usmart_str.o
    0x0800f05c   0x000005d0   Code   RO          834    .text               fontupd.o
    0x0800f62c   0x000002d4   Code   RO          858    .text               text.o
    0x0800f900   0x00000002   Code   RO          872    .text               c_w.l(use_no_semi_2.o)
    0x0800f902   0x00000048   Code   RO          936    .text               c_w.l(llsdiv.o)
    0x0800f94a   0x00000002   PAD
    0x0800f94c   0x00000018   Code   RO          940    .text               c_w.l(noretval__2printf.o)
    0x0800f964   0x0000004e   Code   RO          944    .text               c_w.l(_printf_pad.o)
    0x0800f9b2   0x00000052   Code   RO          946    .text               c_w.l(_printf_str.o)
    0x0800fa04   0x00000078   Code   RO          948    .text               c_w.l(_printf_dec.o)
    0x0800fa7c   0x00000058   Code   RO          953    .text               c_w.l(_printf_hex_int.o)
    0x0800fad4   0x00000188   Code   RO          988    .text               c_w.l(__printf_flags_ss_wp.o)
    0x0800fc5c   0x00000048   Code   RO          997    .text               c_w.l(strcpy.o)
    0x0800fca4   0x0000003e   Code   RO          999    .text               c_w.l(strlen.o)
    0x0800fce2   0x00000018   Code   RO         1001    .text               c_w.l(strcat.o)
    0x0800fcfa   0x0000008a   Code   RO         1003    .text               c_w.l(rt_memcpy_v6.o)
    0x0800fd84   0x00000080   Code   RO         1005    .text               c_w.l(strcmpv7m.o)
    0x0800fe04   0x00000006   Code   RO         1007    .text               c_w.l(heapauxi.o)
    0x0800fe0a   0x00000002   Code   RO         1049    .text               c_w.l(use_no_semi.o)
    0x0800fe0c   0x000000ee   Code   RO         1079    .text               c_w.l(lludivv7m.o)
    0x0800fefa   0x000000b2   Code   RO         1081    .text               c_w.l(_printf_intcommon.o)
    0x0800ffac   0x0000002c   Code   RO         1083    .text               c_w.l(_printf_char.o)
    0x0800ffd8   0x00000024   Code   RO         1085    .text               c_w.l(_printf_char_file.o)
    0x0800fffc   0x00000064   Code   RO         1088    .text               c_w.l(rt_memcpy_w.o)
    0x08010060   0x00000008   Code   RO         1150    .text               c_w.l(libspace.o)
    0x08010068   0x00000030   Code   RO         1180    .text               c_w.l(_printf_char_common.o)
    0x08010098   0x00000008   Code   RO         1182    .text               c_w.l(ferror.o)
    0x080100a0   0x0000004a   Code   RO         1198    .text               c_w.l(sys_stackheap_outer.o)
    0x080100ea   0x0000000c   Code   RO         1208    .text               c_w.l(exit.o)
    0x080100f6   0x0000000e   Code   RO          981    i._is_digit         c_w.l(__printf_wp.o)
    0x08010104   0x000002b0   Code   RO         1012    x$fpl$ddiv          fz_ws.l(ddiv.o)
    0x080103b4   0x0000005e   Code   RO         1015    x$fpl$dfix          fz_ws.l(dfix.o)
    0x08010412   0x00000002   PAD
    0x08010414   0x0000005a   Code   RO         1019    x$fpl$dfixu         fz_ws.l(dfixu.o)
    0x0801046e   0x00000026   Code   RO         1023    x$fpl$dfltu         fz_ws.l(dflt_clz.o)
    0x08010494   0x00000154   Code   RO         1029    x$fpl$dmul          fz_ws.l(dmul.o)
    0x080105e8   0x0000009c   Code   RO         1137    x$fpl$dnaninf       fz_ws.l(dnaninf.o)
    0x08010684   0x0000000c   Code   RO         1139    x$fpl$dretinf       fz_ws.l(dretinf.o)
    0x08010690   0x00000018   Code   RO         1141    x$fpl$fcmpinf       fz_ws.l(fcmpi.o)
    0x080106a8   0x00000184   Code   RO         1032    x$fpl$fdiv          fz_ws.l(fdiv.o)
    0x0801082c   0x00000068   Code   RO         1035    x$fpl$feqf          fz_ws.l(feqf.o)
    0x08010894   0x0000003e   Code   RO         1037    x$fpl$ffixu         fz_ws.l(ffixu.o)
    0x080108d2   0x00000002   PAD
    0x080108d4   0x00000026   Code   RO         1041    x$fpl$ffltu         fz_ws.l(fflt_clz.o)
    0x080108fa   0x00000002   PAD
    0x080108fc   0x00000102   Code   RO         1047    x$fpl$fmul          fz_ws.l(fmul.o)
    0x080109fe   0x0000008c   Code   RO         1143    x$fpl$fnaninf       fz_ws.l(fnaninf.o)
    0x08010a8a   0x0000000a   Code   RO         1145    x$fpl$fretinf       fz_ws.l(fretinf.o)
    0x08010a94   0x00000000   Code   RO         1147    x$fpl$usenofp       fz_ws.l(usenofp.o)
    0x08010a94   0x000017c0   Data   RO          277    .constdata          lcd.o
    0x08012254   0x00000018   Data   RO          680    .constdata          malloc.o
    0x0801226c   0x0000003a   Data   RO          717    .constdata          ff.o
    0x080122a6   0x00000002   PAD
    0x080122a8   0x00000138   Data   RO          739    .constdata          exfuns.o
    0x080123e0   0x000003c0   Data   RO          781    .constdata          mycc936.o
    0x080127a0   0x00000010   Data   RO          836    .constdata          fontupd.o
    0x080127b0   0x00000028   Data   RO          954    .constdata          c_w.l(_printf_hex_int.o)
    0x080127d8   0x00000011   Data   RO          989    .constdata          c_w.l(__printf_flags_ss_wp.o)
    0x080127e9   0x00000003   PAD
    0x080127ec   0x00000050   Data   RO            2    .conststring        main.o
    0x0801283c   0x00000060   Data   RO          740    .conststring        exfuns.o
    0x0801289c   0x00000028   Data   RO          794    .conststring        usmart.o
    0x080128c4   0x00000084   Data   RO          809    .conststring        usmart_config.o
    0x08012948   0x0000005f   Data   RO          837    .conststring        fontupd.o
    0x080129a7   0x00000001   PAD
    0x080129a8   0x00000020   Data   RO         1281    Region$$Table       anon$$obj.o


    Execution Region RW_IRAM1 (Base: 0x20000000, Size: 0x0000c5e8, Max: 0x00010000, ABSOLUTE, COMPRESSED[0x00000080])

    Base Addr    Size         Type   Attr      Idx    E Section Name        Object

    0x20000000   0x00000004   Data   RW            3    .data               main.o
    0x20000004   0x00000014   Data   RW          233    .data               system_stm32f10x.o
    0x20000018   0x00000001   Data   RW          263    .data               key.o
    0x20000019   0x00000001   PAD
    0x2000001a   0x00000004   Data   RW          278    .data               lcd.o
    0x2000001e   0x00000002   Data   RW          322    .data               w25qxx.o
    0x20000020   0x00000010   Data   RW          341    .data               sdio_sdcard.o
    0x20000030   0x00000004   Data   RW          484    .data               delay.o
    0x20000034   0x00000006   Data   RW          516    .data               usart.o
    0x2000003a   0x00000014   Data   RW          591    .data               stm32f10x_rcc.o
    0x2000004e   0x00000002   PAD
    0x20000050   0x0000001c   Data   RW          681    .data               malloc.o
    0x2000006c   0x00000002   Data   RW          699    .data               diskio.o
    0x2000006e   0x00000002   PAD
    0x20000070   0x0000000a   Data   RW          718    .data               ff.o
    0x2000007a   0x00000002   PAD
    0x2000007c   0x0000001c   Data   RW          741    .data               exfuns.o
    0x20000098   0x0000001c   Data   RW          795    .data               usmart.o
    0x200000b4   0x0000010c   Data   RW          810    .data               usmart_config.o
    0x200001c0   0x0000000e   Zero   RW          276    .bss                lcd.o
    0x200001ce   0x00001000   Zero   RW          321    .bss                w25qxx.o
    0x200011ce   0x00000002   PAD
    0x200011d0   0x000002c0   Zero   RW          340    .bss                sdio_sdcard.o
    0x20001490   0x000000c8   Zero   RW          515    .bss                usart.o
    0x20001558   0x00000008   PAD
    0x20001560   0x0000aa00   Zero   RW          679    .bss                malloc.o
    0x2000bf60   0x00000021   Zero   RW          835    .bss                fontupd.o
    0x2000bf81   0x00000003   PAD
    0x2000bf84   0x00000060   Zero   RW         1151    .bss                c_w.l(libspace.o)
    0x2000bfe4   0x00000004   PAD
    0x2000bfe8   0x00000200   Zero   RW          548    HEAP                startup_stm32f10x_hd.o
    0x2000c1e8   0x00000400   Zero   RW          547    STACK               startup_stm32f10x_hd.o



  Load Region LR$$.ARM.__AT_0x68000000 (Base: 0x68000000, Size: 0x00000000, Max: 0x000f0000, ABSOLUTE)

    Execution Region ER$$.ARM.__AT_0x68000000 (Base: 0x68000000, Size: 0x000f0000, Max: 0x000f0000, ABSOLUTE, UNINIT)

    Base Addr    Size         Type   Attr      Idx    E Section Name        Object

    0x68000000   0x000f0000   Zero   RW          677    .ARM.__AT_0x68000000  malloc.o



  Load Region LR$$.ARM.__AT_0x680F0000 (Base: 0x680f0000, Size: 0x00000000, Max: 0x0000f000, ABSOLUTE)

    Execution Region ER$$.ARM.__AT_0x680F0000 (Base: 0x680f0000, Size: 0x0000f000, Max: 0x0000f000, ABSOLUTE, UNINIT)

    Base Addr    Size         Type   Attr      Idx    E Section Name        Object

    0x680f0000   0x0000f000   Zero   RW          678    .ARM.__AT_0x680F0000  malloc.o


==============================================================================

Image component sizes


      Code (inc. data)   RO Data    RW Data    ZI Data      Debug   Object Name

       232          8          0          0          0       1055   adc.o
        76          4          0          0          0        652   buzzer.o
       212         18          0          4          0        987   delay.o
       412         12          0          0          0       2106   dht11.o
       512          8          0          2          0       4086   diskio.o
       424         22        408         28          0       2644   exfuns.o
     13028        144         58         10          0      37106   ff.o
      1488        158        111          0         33       4028   fontupd.o
       180         14          0          1          0        760   key.o
     19036        162       6080          4         14      21570   lcd.o
        76          8          0          0          0        479   led.o
      1168        296         80          4          0     297664   main.o
       556         18         24         28    1088000       4480   malloc.o
       220         22          0          0          0       1765   misc.o
       204         12        960          0          0       1545   mycc936.o
      7216        256          0         16        704      24348   sdio_sdcard.o
       264         10          0          0          0       1081   spi.o
        64         26        304          0       1536        776   startup_stm32f10x_hd.o
      1102         26          0          0          0      10801   stm32f10x_adc.o
       596          8          0          0          0       4294   stm32f10x_dma.o
      1548         18          0          0          0       5311   stm32f10x_fsmc.o
       860         38          0          0          0       5609   stm32f10x_gpio.o
        26          0          0          0          0       1162   stm32f10x_it.o
       932         36          0         20          0       8764   stm32f10x_rcc.o
       468         22          0          0          0       7052   stm32f10x_sdio.o
       780         14          0          0          0       6494   stm32f10x_spi.o
      3610         88          0          0          0      22096   stm32f10x_tim.o
      1032         22          0          0          0       8336   stm32f10x_usart.o
        12          0          0          0          0        603   sys.o
       480         38          0         20          0       1683   system_stm32f10x.o
       724         16          0          0          0       2924   text.o
       324         18          0          6        200       3199   usart.o
      3128       1288         40         28          0       4262   usmart.o
         0          0        132        268          0       1484   usmart_config.o
      1320         12          0          0          0       5017   usmart_str.o
       872         30          0          2       4096       4273   w25qxx.o

    ----------------------------------------------------------------------
     63188       2872       8232        448    1094596     510496   Object Totals
         0          0         32          0          0          0   (incl. Generated)
         6          0          3          7         13          0   (incl. Padding)

    ----------------------------------------------------------------------

      Code (inc. data)   RO Data    RW Data    ZI Data      Debug   Library Member Name

        90          0          0          0          0          0   __dczerorl2.o
         8          0          0          0          0         68   __main.o
       392          4         17          0          0         92   __printf_flags_ss_wp.o
        14          0          0          0          0         68   __printf_wp.o
         0          0          0          0          0          0   __rtentry.o
        12          0          0          0          0          0   __rtentry2.o
         6          0          0          0          0          0   __rtentry4.o
        52          8          0          0          0          0   __scatter.o
        28          0          0          0          0          0   __scatter_zi.o
         6          0          0          0          0          0   _printf_c.o
        44          0          0          0          0        108   _printf_char.o
        48          6          0          0          0         96   _printf_char_common.o
        36          4          0          0          0         80   _printf_char_file.o
         6          0          0          0          0          0   _printf_d.o
       120         16          0          0          0         92   _printf_dec.o
        88          4         40          0          0         88   _printf_hex_int.o
       178          0          0          0          0         88   _printf_intcommon.o
        78          0          0          0          0        108   _printf_pad.o
         0          0          0          0          0          0   _printf_percent.o
         4          0          0          0          0          0   _printf_percent_end.o
         6          0          0          0          0          0   _printf_s.o
        82          0          0          0          0         80   _printf_str.o
         6          0          0          0          0          0   _printf_u.o
         6          0          0          0          0          0   _printf_x.o
        12          0          0          0          0         72   exit.o
         8          0          0          0          0         68   ferror.o
         6          0          0          0          0        152   heapauxi.o
         2          0          0          0          0          0   libinit.o
         2          0          0          0          0          0   libinit2.o
         2          0          0          0          0          0   libshutdown.o
         2          0          0          0          0          0   libshutdown2.o
         8          4          0          0         96         68   libspace.o
        72          0          0          0          0         76   llsdiv.o
       238          0          0          0          0        100   lludivv7m.o
        24          4          0          0          0         84   noretval__2printf.o
       138          0          0          0          0         68   rt_memcpy_v6.o
       100          0          0          0          0         80   rt_memcpy_w.o
         2          0          0          0          0          0   rtexit.o
        10          0          0          0          0          0   rtexit2.o
        24          0          0          0          0         68   strcat.o
       128          0          0          0          0         68   strcmpv7m.o
        72          0          0          0          0         80   strcpy.o
        62          0          0          0          0         76   strlen.o
        74          0          0          0          0         80   sys_stackheap_outer.o
         2          0          0          0          0         68   use_no_semi.o
         2          0          0          0          0         68   use_no_semi_2.o
       688        140          0          0          0        208   ddiv.o
        94          4          0          0          0         92   dfix.o
        90          4          0          0          0         92   dfixu.o
        38          0          0          0          0         68   dflt_clz.o
       340         12          0          0          0        104   dmul.o
       156          4          0          0          0         92   dnaninf.o
        12          0          0          0          0         68   dretinf.o
        24          0          0          0          0         68   fcmpi.o
       388         76          0          0          0         96   fdiv.o
       104          4          0          0          0         84   feqf.o
        62          4          0          0          0         84   ffixu.o
        38          0          0          0          0         68   fflt_clz.o
       258          4          0          0          0         84   fmul.o
       140          4          0          0          0         84   fnaninf.o
        10          0          0          0          0         68   fretinf.o
         0          0          0          0          0          0   usenofp.o

    ----------------------------------------------------------------------
      4752        306         60          0        100       3604   Library Totals
        10          0          3          0          4          0   (incl. Padding)

    ----------------------------------------------------------------------

      Code (inc. data)   RO Data    RW Data    ZI Data      Debug   Library Name

      2300         50         57          0         96       2244   c_w.l
      2442        256          0          0          0       1360   fz_ws.l

    ----------------------------------------------------------------------
      4752        306         60          0        100       3604   Library Totals

    ----------------------------------------------------------------------

==============================================================================


      Code (inc. data)   RO Data    RW Data    ZI Data      Debug   

     67940       3178       8292        448    1094696     508844   Grand Totals
     67940       3178       8292        128    1094696     508844   ELF Image Totals (compressed)
     67940       3178       8292        128          0          0   ROM Totals

==============================================================================

    Total RO  Size (Code + RO Data)                76232 (  74.45kB)
    Total RW  Size (RW Data + ZI Data)           1095144 (1069.48kB)
    Total ROM Size (Code + RO Data + RW Data)      76360 (  74.57kB)

==============================================================================

