Component: ARM Compiler 5.05 update 1 (build 106) Tool: armlink [4d0efa]

==============================================================================

Section Cross References

    main.o(.text) refers to _printf_percent.o(.ARM.Collect$$_printf_percent$$00000000) for _printf_percent
    main.o(.text) refers to _printf_d.o(.ARM.Collect$$_printf_percent$$00000009) for _printf_d
    main.o(.text) refers to _printf_dec.o(.text) for _printf_int_dec
    main.o(.text) refers to text.o(.text) for Show_Str
    main.o(.text) refers to lcd.o(.text) for LCD_ShowNum
    main.o(.text) refers to delay.o(.text) for delay_init
    main.o(.text) refers to misc.o(.text) for NVIC_PriorityGroupConfig
    main.o(.text) refers to usart.o(.text) for uart_init
    main.o(.text) refers to led.o(.text) for LED_Init
    main.o(.text) refers to key.o(.text) for KEY_Init
    main.o(.text) refers to w25qxx.o(.text) for W25QXX_Init
    main.o(.text) refers to dht11.o(.text) for DHT11_Init
    main.o(.text) refers to adc.o(.text) for Adc_Init
    main.o(.text) refers to malloc.o(.text) for my_mem_init
    main.o(.text) refers to exfuns.o(.text) for exfuns_init
    main.o(.text) refers to ff.o(.text) for f_mount
    main.o(.text) refers to fontupd.o(.text) for font_init
    main.o(.text) refers to noretval__2printf.o(.text) for __2printf
    main.o(.text) refers to sdio_sdcard.o(.text) for SD_Init
    main.o(.text) refers to fflt_clz.o(x$fpl$ffltu) for __aeabi_ui2f
    main.o(.text) refers to f2d.o(x$fpl$f2d) for __aeabi_f2d
    main.o(.text) refers to dmul.o(x$fpl$dmul) for __aeabi_dmul
    main.o(.text) refers to d2f.o(x$fpl$d2f) for __aeabi_d2f
    main.o(.text) refers to ffixu.o(x$fpl$ffixu) for __aeabi_f2uiz
    main.o(.text) refers to faddsub_clz.o(x$fpl$frsb) for __aeabi_frsub
    main.o(.text) refers to fmul.o(x$fpl$fmul) for __aeabi_fmul
    main.o(.text) refers to lcd.o(.data) for POINT_COLOR
    main.o(.text) refers to main.o(.data) for u8temperature
    main.o(.text) refers to usmart_config.o(.data) for usmart_dev
    main.o(.text) refers to exfuns.o(.data) for fs
    system_stm32f10x.o(.text) refers to system_stm32f10x.o(.data) for SystemCoreClock
    led.o(.text) refers to stm32f10x_rcc.o(.text) for RCC_APB2PeriphClockCmd
    led.o(.text) refers to stm32f10x_gpio.o(.text) for GPIO_Init
    key.o(.text) refers to stm32f10x_rcc.o(.text) for RCC_APB2PeriphClockCmd
    key.o(.text) refers to stm32f10x_gpio.o(.text) for GPIO_Init
    key.o(.text) refers to delay.o(.text) for delay_ms
    key.o(.text) refers to key.o(.data) for key_up
    lcd.o(.text) refers to _printf_percent.o(.ARM.Collect$$_printf_percent$$00000000) for _printf_percent
    lcd.o(.text) refers to _printf_x.o(.ARM.Collect$$_printf_percent$$0000000C) for _printf_x
    lcd.o(.text) refers to _printf_hex_int.o(.text) for _printf_longlong_hex
    lcd.o(.text) refers to delay.o(.text) for delay_us
    lcd.o(.text) refers to lcd.o(.bss) for lcddev
    lcd.o(.text) refers to lcd.o(.data) for POINT_COLOR
    lcd.o(.text) refers to dflt_clz.o(x$fpl$dfltu) for __aeabi_ui2d
    lcd.o(.text) refers to dmul.o(x$fpl$dmul) for __aeabi_dmul
    lcd.o(.text) refers to dfixu.o(x$fpl$dfixu) for __aeabi_d2uiz
    lcd.o(.text) refers to stm32f10x_rcc.o(.text) for RCC_AHBPeriphClockCmd
    lcd.o(.text) refers to stm32f10x_gpio.o(.text) for GPIO_Init
    lcd.o(.text) refers to stm32f10x_fsmc.o(.text) for FSMC_NORSRAMInit
    lcd.o(.text) refers to noretval__2printf.o(.text) for __2printf
    lcd.o(.text) refers to lcd.o(.constdata) for asc2_1206
    spi.o(.text) refers to stm32f10x_spi.o(.text) for SPI_I2S_GetFlagStatus
    spi.o(.text) refers to stm32f10x_rcc.o(.text) for RCC_APB2PeriphClockCmd
    spi.o(.text) refers to stm32f10x_gpio.o(.text) for GPIO_Init
    w25qxx.o(.text) refers to _printf_percent.o(.ARM.Collect$$_printf_percent$$00000000) for _printf_percent
    w25qxx.o(.text) refers to _printf_x.o(.ARM.Collect$$_printf_percent$$0000000C) for _printf_x
    w25qxx.o(.text) refers to _printf_hex_int.o(.text) for _printf_longlong_hex
    w25qxx.o(.text) refers to spi.o(.text) for SPI2_ReadWriteByte
    w25qxx.o(.text) refers to stm32f10x_rcc.o(.text) for RCC_APB2PeriphClockCmd
    w25qxx.o(.text) refers to stm32f10x_gpio.o(.text) for GPIO_Init
    w25qxx.o(.text) refers to noretval__2printf.o(.text) for __2printf
    w25qxx.o(.text) refers to delay.o(.text) for delay_us
    w25qxx.o(.text) refers to w25qxx.o(.data) for W25QXX_TYPE
    w25qxx.o(.text) refers to w25qxx.o(.bss) for W25QXX_BUFFER
    sdio_sdcard.o(.text) refers to stm32f10x_sdio.o(.text) for SDIO_GetFlagStatus
    sdio_sdcard.o(.text) refers to sdio_sdcard.o(.data) for DeviceMode
    sdio_sdcard.o(.text) refers to sdio_sdcard.o(.bss) for SDIO_CmdInitStructure
    sdio_sdcard.o(.text) refers to stm32f10x_rcc.o(.text) for RCC_APB2PeriphClockCmd
    sdio_sdcard.o(.text) refers to stm32f10x_gpio.o(.text) for GPIO_Init
    sdio_sdcard.o(.text) refers to misc.o(.text) for NVIC_Init
    sdio_sdcard.o(.text) refers to stm32f10x_dma.o(.text) for DMA_DeInit
    sdio_sdcard.o(.text) refers to sys.o(.text) for INTX_DISABLE
    sdio_sdcard.o(.text) refers to rt_memcpy_v6.o(.text) for __aeabi_memcpy
    sensirion_sw_i2c.o(.text) refers to stm32f10x_rcc.o(.text) for RCC_APB2PeriphClockCmd
    sensirion_sw_i2c.o(.text) refers to stm32f10x_gpio.o(.text) for GPIO_Init
    sgp30.o(.text) refers to _printf_percent.o(.ARM.Collect$$_printf_percent$$00000000) for _printf_percent
    sgp30.o(.text) refers to _printf_d.o(.ARM.Collect$$_printf_percent$$00000009) for _printf_d
    sgp30.o(.text) refers to _printf_dec.o(.text) for _printf_int_dec
    sgp30.o(.text) refers to sensirion_sw_i2c.o(.text) for sensirion_i2c_read
    sgp30.o(.text) refers to sensirion_common.o(.text) for sensirion_common_check_crc
    sgp30.o(.text) refers to h1_alloc.o(.text) for malloc
    sgp30.o(.text) refers to h1_free.o(.text) for free
    sgp30.o(.text) refers to noretval__2printf.o(.text) for __2printf
    sgp30.o(.text) refers to sgp30.o(.bss) for client_data
    sgp30.o(.text) refers to sgp30.o(.constdata) for sgp_features_unknown
    sgp30.o(.text) refers to sgp30_featureset.o(.constdata) for sgp_supported_featuresets
    sgp30_featureset.o(.constdata) refers to sgp30_featureset.o(.data) for SGP_PROFILE_IAQ_MEASURE_SIGNALS9
    sgp30_featureset.o(.data) refers to sgp30_featureset.o(.constdata) for TVOC_PPB_FS9
    dht11.o(.text) refers to delay.o(.text) for delay_ms
    dht11.o(.text) refers to stm32f10x_rcc.o(.text) for RCC_APB2PeriphClockCmd
    dht11.o(.text) refers to stm32f10x_gpio.o(.text) for GPIO_Init
    adc.o(.text) refers to stm32f10x_rcc.o(.text) for RCC_APB2PeriphClockCmd
    adc.o(.text) refers to stm32f10x_gpio.o(.text) for GPIO_Init
    adc.o(.text) refers to delay.o(.text) for delay_ms
    delay.o(.text) refers to misc.o(.text) for SysTick_CLKSourceConfig
    delay.o(.text) refers to system_stm32f10x.o(.data) for SystemCoreClock
    delay.o(.text) refers to delay.o(.data) for fac_us
    usart.o(.text) refers (Special) to use_no_semi_2.o(.text) for __use_no_semihosting
    usart.o(.text) refers to stm32f10x_rcc.o(.text) for RCC_APB2PeriphClockCmd
    usart.o(.text) refers to stm32f10x_gpio.o(.text) for GPIO_Init
    usart.o(.text) refers to misc.o(.text) for NVIC_Init
    usart.o(.text) refers to stm32f10x_usart.o(.text) for USART_Init
    usart.o(.text) refers to usart.o(.data) for USART_RX_STA
    usart.o(.text) refers to usart.o(.bss) for USART_RX_BUF
    usart.o(.bss) refers (Special) to use_no_semi_2.o(.text) for __use_no_semihosting
    usart.o(.data) refers (Special) to use_no_semi_2.o(.text) for __use_no_semihosting
    startup_stm32f10x_hd.o(STACK) refers (Special) to heapauxi.o(.text) for __use_two_region_memory
    startup_stm32f10x_hd.o(HEAP) refers (Special) to heapauxi.o(.text) for __use_two_region_memory
    startup_stm32f10x_hd.o(RESET) refers (Special) to heapauxi.o(.text) for __use_two_region_memory
    startup_stm32f10x_hd.o(RESET) refers to startup_stm32f10x_hd.o(STACK) for __initial_sp
    startup_stm32f10x_hd.o(RESET) refers to startup_stm32f10x_hd.o(.text) for Reset_Handler
    startup_stm32f10x_hd.o(RESET) refers to stm32f10x_it.o(.text) for NMI_Handler
    startup_stm32f10x_hd.o(RESET) refers to usmart.o(.text) for TIM4_IRQHandler
    startup_stm32f10x_hd.o(RESET) refers to usart.o(.text) for USART1_IRQHandler
    startup_stm32f10x_hd.o(RESET) refers to sdio_sdcard.o(.text) for SDIO_IRQHandler
    startup_stm32f10x_hd.o(.text) refers (Special) to heapauxi.o(.text) for __use_two_region_memory
    startup_stm32f10x_hd.o(.text) refers to system_stm32f10x.o(.text) for SystemInit
    startup_stm32f10x_hd.o(.text) refers to __main.o(!!!main) for __main
    startup_stm32f10x_hd.o(.text) refers to startup_stm32f10x_hd.o(HEAP) for Heap_Mem
    startup_stm32f10x_hd.o(.text) refers to startup_stm32f10x_hd.o(STACK) for Stack_Mem
    stm32f10x_gpio.o(.text) refers to stm32f10x_rcc.o(.text) for RCC_APB2PeriphResetCmd
    stm32f10x_rcc.o(.text) refers to stm32f10x_rcc.o(.data) for APBAHBPrescTable
    stm32f10x_spi.o(.text) refers to stm32f10x_rcc.o(.text) for RCC_APB2PeriphResetCmd
    stm32f10x_usart.o(.text) refers to stm32f10x_rcc.o(.text) for RCC_APB2PeriphResetCmd
    stm32f10x_tim.o(.text) refers to stm32f10x_rcc.o(.text) for RCC_APB2PeriphResetCmd
    malloc.o(.text) refers to malloc.o(.constdata) for memtblsize
    malloc.o(.text) refers to malloc.o(.data) for mallco_dev
    malloc.o(.data) refers to malloc.o(.text) for my_mem_init
    malloc.o(.data) refers to malloc.o(.bss) for mem1base
    malloc.o(.data) refers to malloc.o(.ARM.__AT_0x68000000) for mem2base
    malloc.o(.data) refers to malloc.o(.ARM.__AT_0x680F0000) for mem2mapbase
    diskio.o(.text) refers to sdio_sdcard.o(.text) for SD_Init
    diskio.o(.text) refers to w25qxx.o(.text) for W25QXX_Init
    diskio.o(.text) refers to llsdiv.o(.text) for __aeabi_ldivmod
    diskio.o(.text) refers to malloc.o(.text) for mymalloc
    diskio.o(.text) refers to diskio.o(.data) for FLASH_SECTOR_COUNT
    diskio.o(.text) refers to sdio_sdcard.o(.bss) for SDCardInfo
    ff.o(.text) refers to diskio.o(.text) for disk_write
    ff.o(.text) refers to mycc936.o(.text) for ff_wtoupper
    ff.o(.text) refers to ff.o(.constdata) for LfnOfs
    ff.o(.text) refers to ff.o(.data) for FatFs
    exfuns.o(.text) refers to malloc.o(.text) for mymalloc
    exfuns.o(.text) refers to strcpy.o(.text) for strcpy
    exfuns.o(.text) refers to strcmpv7m.o(.text) for strcmp
    exfuns.o(.text) refers to ff.o(.text) for f_getfree
    exfuns.o(.text) refers to exfuns.o(.data) for fs
    exfuns.o(.text) refers to exfuns.o(.constdata) for FILE_TYPE_TBL
    exfuns.o(.constdata) refers to exfuns.o(.conststring) for .conststring
    fattester.o(.text) refers to _printf_percent.o(.ARM.Collect$$_printf_percent$$00000000) for _printf_percent
    fattester.o(.text) refers to _printf_d.o(.ARM.Collect$$_printf_percent$$00000009) for _printf_d
    fattester.o(.text) refers to _printf_dec.o(.text) for _printf_int_dec
    fattester.o(.text) refers to _printf_c.o(.ARM.Collect$$_printf_percent$$00000013) for _printf_c
    fattester.o(.text) refers to _printf_str.o(.text) for _printf_str
    fattester.o(.text) refers to _printf_s.o(.ARM.Collect$$_printf_percent$$00000014) for _printf_s
    fattester.o(.text) refers to _printf_x.o(.ARM.Collect$$_printf_percent$$0000000C) for _printf_x
    fattester.o(.text) refers to _printf_hex_int.o(.text) for _printf_longlong_hex
    fattester.o(.text) refers to ff.o(.text) for f_mount
    fattester.o(.text) refers to noretval__2printf.o(.text) for __2printf
    fattester.o(.text) refers to malloc.o(.text) for mymalloc
    fattester.o(.text) refers to exfuns.o(.data) for fs
    fattester.o(.text) refers to exfuns.o(.bss) for dir
    mycc936.o(.text) refers to w25qxx.o(.text) for W25QXX_Read
    mycc936.o(.text) refers to fontupd.o(.bss) for ftinfo
    mycc936.o(.text) refers to mycc936.o(.constdata) for tbl_lower
    usmart.o(.text) refers to _printf_percent.o(.ARM.Collect$$_printf_percent$$00000000) for _printf_percent
    usmart.o(.text) refers to _printf_s.o(.ARM.Collect$$_printf_percent$$00000014) for _printf_s
    usmart.o(.text) refers to _printf_str.o(.text) for _printf_str
    usmart.o(.text) refers to _printf_pad.o(.text) for _printf_pre_padding
    usmart.o(.text) refers to _printf_x.o(.ARM.Collect$$_printf_percent$$0000000C) for _printf_x
    usmart.o(.text) refers to _printf_hex_int.o(.text) for _printf_longlong_hex
    usmart.o(.text) refers to _printf_u.o(.ARM.Collect$$_printf_percent$$0000000A) for _printf_u
    usmart.o(.text) refers to _printf_dec.o(.text) for _printf_int_dec
    usmart.o(.text) refers to _printf_c.o(.ARM.Collect$$_printf_percent$$00000013) for _printf_c
    usmart.o(.text) refers to _printf_d.o(.ARM.Collect$$_printf_percent$$00000009) for _printf_d
    usmart.o(.text) refers to usmart_str.o(.text) for usmart_get_cmdname
    usmart.o(.text) refers to noretval__2printf.o(.text) for __2printf
    usmart.o(.text) refers to usmart.o(.data) for sys_cmd_tab
    usmart.o(.text) refers to usmart_config.o(.data) for usmart_dev
    usmart.o(.text) refers to stm32f10x_tim.o(.text) for TIM_ClearFlag
    usmart.o(.text) refers to stm32f10x_rcc.o(.text) for RCC_APB1PeriphClockCmd
    usmart.o(.text) refers to misc.o(.text) for NVIC_Init
    usmart.o(.text) refers to usart.o(.data) for USART_RX_STA
    usmart.o(.text) refers to usart.o(.bss) for USART_RX_BUF
    usmart.o(.data) refers to usmart.o(.conststring) for .conststring
    usmart_config.o(.data) refers to usmart.o(.text) for read_addr
    usmart_config.o(.data) refers to usmart_config.o(.conststring) for .conststring
    usmart_config.o(.data) refers to text.o(.text) for Show_Str
    usmart_str.o(.text) refers to usmart_config.o(.data) for usmart_dev
    fontupd.o(.text) refers to fflt_clz.o(x$fpl$ffltu) for __aeabi_ui2f
    fontupd.o(.text) refers to fdiv.o(x$fpl$fdiv) for __aeabi_fdiv
    fontupd.o(.text) refers to fmul.o(x$fpl$fmul) for __aeabi_fmul
    fontupd.o(.text) refers to feqf.o(x$fpl$feqf) for __aeabi_cfcmpeq
    fontupd.o(.text) refers to lcd.o(.text) for LCD_ShowString
    fontupd.o(.text) refers to ffixu.o(x$fpl$ffixu) for __aeabi_f2uiz
    fontupd.o(.text) refers to malloc.o(.text) for mymalloc
    fontupd.o(.text) refers to ff.o(.text) for f_open
    fontupd.o(.text) refers to w25qxx.o(.text) for W25QXX_Write
    fontupd.o(.text) refers to strcpy.o(.text) for strcpy
    fontupd.o(.text) refers to strcat.o(.text) for strcat
    fontupd.o(.text) refers to fontupd.o(.bss) for ftinfo
    fontupd.o(.text) refers to fontupd.o(.constdata) for UNIGBK_PATH
    fontupd.o(.text) refers to delay.o(.text) for delay_ms
    fontupd.o(.constdata) refers to fontupd.o(.conststring) for .conststring
    text.o(.text) refers to w25qxx.o(.text) for W25QXX_Read
    text.o(.text) refers to lcd.o(.text) for LCD_Fast_DrawPoint
    text.o(.text) refers to strlen.o(.text) for strlen
    text.o(.text) refers to fontupd.o(.bss) for ftinfo
    text.o(.text) refers to lcd.o(.data) for POINT_COLOR
    text.o(.text) refers to lcd.o(.bss) for lcddev
    use_no_semi_2.o(.text) refers (Special) to use_no_semi.o(.text) for __use_no_semihosting_swi
    malloc.o(.text) refers (Special) to hguard.o(.text) for __heap$guard
    malloc.o(.text) refers (Special) to init_alloc.o(.text) for _init_alloc
    malloc.o(.text) refers to rt_heap_descriptor_intlibspace.o(.text) for __rt_heap_descriptor
    malloc.o(.text) refers to heapstubs.o(.text) for __Heap_Alloc
    free.o(.text) refers (Special) to hguard.o(.text) for __heap$guard
    free.o(.text) refers to rt_heap_descriptor_intlibspace.o(.text) for __rt_heap_descriptor
    free.o(.text) refers to heapstubs.o(.text) for __Heap_Free
    h1_alloc.o(.text) refers (Special) to h1_init.o(.text) for __Heap_Initialize
    h1_alloc.o(.text) refers to rt_heap_descriptor_intlibspace.o(.text) for __rt_heap_descriptor
    h1_alloc.o(.text) refers to init_alloc.o(.text) for __Heap_Full
    h1_free.o(.text) refers to rt_heap_descriptor_intlibspace.o(.text) for __rt_heap_descriptor
    h1_alloc_mt.o(.text) refers (Special) to h1_init.o(.text) for __Heap_Initialize
    h1_alloc_mt.o(.text) refers to init_alloc.o(.text) for __Heap_Full
    h1_alloc_mt.o(.text) refers to rt_heap_descriptor_intlibspace.o(.text) for __rt_heap_descriptor
    h1_free_mt.o(.text) refers to rt_heap_descriptor_intlibspace.o(.text) for __rt_heap_descriptor
    heap2.o(i._FDIterate) refers to heap2.o(.conststring) for .conststring
    heap2.o(i.___Heap_ProvideMemory$realtime) refers to fdtree.o(i._FDTree_Delete) for _FDTree_Delete
    heap2.o(i.___Heap_ProvideMemory$realtime) refers to fdtree.o(i._FDTree_Insert) for _FDTree_Insert
    heap2.o(i.___Heap_Stats$realtime) refers to heap2.o(i._Heap2_StatsIterate) for _Heap2_StatsIterate
    heap2.o(i.___Heap_Valid$realtime) refers to heap2.o(i._FDIterate) for _FDIterate
    heap2.o(i.___Heap_Valid$realtime) refers to heap2.o(.conststring) for .conststring
    heap2.o(i._free$realtime) refers to rt_heap_descriptor_intlibspace.o(.text) for __rt_heap_descriptor
    heap2.o(i._free$realtime) refers to fdtree.o(i._FDTree_Delete) for _FDTree_Delete
    heap2.o(i._free$realtime) refers to fdtree.o(i._FDTree_Insert) for _FDTree_Insert
    heap2.o(i._malloc$realtime) refers to rt_heap_descriptor_intlibspace.o(.text) for __rt_heap_descriptor
    heap2.o(i._malloc$realtime) refers to fdtree.o(i._FDTree_FindFirst) for _FDTree_FindFirst
    heap2.o(i._malloc$realtime) refers to init_alloc.o(.text) for __Heap_Full
    heap2.o(i._malloc$realtime) refers to fdtree.o(i._FDTree_RemoveNode) for _FDTree_RemoveNode
    heap2.o(i._malloc$realtime) refers to fdtree.o(i._FDTree_Insert) for _FDTree_Insert
    heap2.o(i._posix_memalign$realtime) refers to rt_heap_descriptor_intlibspace.o(.text) for __rt_heap_descriptor
    heap2.o(i._posix_memalign$realtime) refers to fdtree.o(i._FDTree_FindFirst) for _FDTree_FindFirst
    heap2.o(i._posix_memalign$realtime) refers to init_alloc.o(.text) for __Heap_Full
    heap2.o(i._posix_memalign$realtime) refers to fdtree.o(i._FDTree_RemoveNode) for _FDTree_RemoveNode
    heap2.o(i._posix_memalign$realtime) refers to fdtree.o(i._FDTree_Insert) for _FDTree_Insert
    heap2.o(i._realloc$realtime) refers to rt_heap_descriptor_intlibspace.o(.text) for __rt_heap_descriptor
    heap2.o(i._realloc$realtime) refers to fdtree.o(i._FDTree_Insert) for _FDTree_Insert
    heap2.o(i._realloc$realtime) refers to h1_free.o(.text) for free
    heap2.o(i._realloc$realtime) refers to h1_alloc.o(.text) for malloc
    heap2.o(i._realloc$realtime) refers to fdtree.o(i._FDTree_Delete) for _FDTree_Delete
    heap2.o(i._realloc$realtime) refers to rt_memcpy_w.o(.text) for __aeabi_memcpy4
    heap2mt.o(i._FDIterate) refers to heap2mt.o(.conststring) for .conststring
    heap2mt.o(i.___Heap_Initialize$realtime$concurrent) refers to mutex_dummy.o(.text) for _mutex_initialize
    heap2mt.o(i.___Heap_ProvideMemory$realtime$concurrent) refers to fdtree.o(i._FDTree_Delete) for _FDTree_Delete
    heap2mt.o(i.___Heap_ProvideMemory$realtime$concurrent) refers to fdtree.o(i._FDTree_Insert) for _FDTree_Insert
    heap2mt.o(i.___Heap_Stats$realtime$concurrent) refers to heap2mt.o(i._Heap2_StatsIterate) for _Heap2_StatsIterate
    heap2mt.o(i.___Heap_Valid$realtime$concurrent) refers to heap2mt.o(i._FDIterate) for _FDIterate
    heap2mt.o(i.___Heap_Valid$realtime$concurrent) refers to heap2mt.o(.conststring) for .conststring
    heap2mt.o(i._free$realtime$concurrent) refers to rt_heap_descriptor_intlibspace.o(.text) for __rt_heap_descriptor
    heap2mt.o(i._free$realtime$concurrent) refers to fdtree.o(i._FDTree_Delete) for _FDTree_Delete
    heap2mt.o(i._free$realtime$concurrent) refers to fdtree.o(i._FDTree_Insert) for _FDTree_Insert
    heap2mt.o(i._malloc$realtime$concurrent) refers to rt_heap_descriptor_intlibspace.o(.text) for __rt_heap_descriptor
    heap2mt.o(i._malloc$realtime$concurrent) refers to fdtree.o(i._FDTree_FindFirst) for _FDTree_FindFirst
    heap2mt.o(i._malloc$realtime$concurrent) refers to init_alloc.o(.text) for __Heap_Full
    heap2mt.o(i._malloc$realtime$concurrent) refers to fdtree.o(i._FDTree_RemoveNode) for _FDTree_RemoveNode
    heap2mt.o(i._malloc$realtime$concurrent) refers to fdtree.o(i._FDTree_Insert) for _FDTree_Insert
    heap2mt.o(i._posix_memalign$realtime$concurrent) refers to rt_heap_descriptor_intlibspace.o(.text) for __rt_heap_descriptor
    heap2mt.o(i._posix_memalign$realtime$concurrent) refers to fdtree.o(i._FDTree_FindFirst) for _FDTree_FindFirst
    heap2mt.o(i._posix_memalign$realtime$concurrent) refers to init_alloc.o(.text) for __Heap_Full
    heap2mt.o(i._posix_memalign$realtime$concurrent) refers to fdtree.o(i._FDTree_RemoveNode) for _FDTree_RemoveNode
    heap2mt.o(i._posix_memalign$realtime$concurrent) refers to fdtree.o(i._FDTree_Insert) for _FDTree_Insert
    heap2mt.o(i._realloc$realtime$concurrent) refers to rt_heap_descriptor_intlibspace.o(.text) for __rt_heap_descriptor
    heap2mt.o(i._realloc$realtime$concurrent) refers to fdtree.o(i._FDTree_Insert) for _FDTree_Insert
    heap2mt.o(i._realloc$realtime$concurrent) refers to h1_free.o(.text) for free
    heap2mt.o(i._realloc$realtime$concurrent) refers to h1_alloc.o(.text) for malloc
    heap2mt.o(i._realloc$realtime$concurrent) refers to fdtree.o(i._FDTree_Delete) for _FDTree_Delete
    heap2mt.o(i._realloc$realtime$concurrent) refers to rt_memcpy_w.o(.text) for __aeabi_memcpy4
    llsdiv.o(.text) refers to lludivv7m.o(.text) for __aeabi_uldivmod
    __2printf.o(.text) refers to _printf_char_file.o(.text) for _printf_char_file
    __2printf.o(.text) refers to usart.o(.data) for __stdout
    noretval__2printf.o(.text) refers to _printf_char_file.o(.text) for _printf_char_file
    noretval__2printf.o(.text) refers to usart.o(.data) for __stdout
    __printf.o(.text) refers to _printf_percent.o(.ARM.Collect$$_printf_percent$$00000000) for _printf_percent
    _printf_str.o(.text) refers (Special) to _printf_char.o(.text) for _printf_cs_common
    _printf_str.o(.text) refers (Weak) to _printf_pad.o(.text) for _printf_pre_padding
    _printf_str.o(.text) refers (Weak) to _printf_pad.o(.text) for _printf_post_padding
    _printf_dec.o(.text) refers to _printf_intcommon.o(.text) for _printf_int_common
    _printf_hex_ll.o(.text) refers to _printf_intcommon.o(.text) for _printf_int_common
    _printf_hex_ll.o(.text) refers to _printf_hex_ll.o(.constdata) for .constdata
    _printf_hex_int.o(.text) refers to _printf_intcommon.o(.text) for _printf_int_common
    _printf_hex_int.o(.text) refers to _printf_hex_int.o(.constdata) for .constdata
    _printf_hex_int_ll.o(.text) refers to _printf_intcommon.o(.text) for _printf_int_common
    _printf_hex_int_ll.o(.text) refers to _printf_hex_int_ll.o(.constdata) for .constdata
    _printf_hex_ptr.o(.text) refers to _printf_intcommon.o(.text) for _printf_int_common
    _printf_hex_ptr.o(.text) refers to _printf_hex_ptr.o(.constdata) for .constdata
    _printf_hex_int_ptr.o(.text) refers to _printf_intcommon.o(.text) for _printf_int_common
    _printf_hex_int_ptr.o(.text) refers to _printf_hex_int_ptr.o(.constdata) for .constdata
    _printf_hex_ll_ptr.o(.text) refers to _printf_intcommon.o(.text) for _printf_int_common
    _printf_hex_ll_ptr.o(.text) refers to _printf_hex_ll_ptr.o(.constdata) for .constdata
    _printf_hex_int_ll_ptr.o(.text) refers to _printf_intcommon.o(.text) for _printf_int_common
    _printf_hex_int_ll_ptr.o(.text) refers to _printf_hex_int_ll_ptr.o(.constdata) for .constdata
    __printf_flags.o(.text) refers to _printf_percent.o(.ARM.Collect$$_printf_percent$$00000000) for _printf_percent
    __printf_flags.o(.text) refers to __printf_flags.o(.constdata) for .constdata
    __printf_ss.o(.text) refers to _printf_percent.o(.ARM.Collect$$_printf_percent$$00000000) for _printf_percent
    __printf_flags_ss.o(.text) refers to _printf_percent.o(.ARM.Collect$$_printf_percent$$00000000) for _printf_percent
    __printf_flags_ss.o(.text) refers to __printf_flags_ss.o(.constdata) for .constdata
    __printf_wp.o(.text) refers to __printf_wp.o(i._is_digit) for _is_digit
    __printf_wp.o(.text) refers to _printf_percent.o(.ARM.Collect$$_printf_percent$$00000000) for _printf_percent
    __printf_flags_wp.o(.text) refers to __printf_wp.o(i._is_digit) for _is_digit
    __printf_flags_wp.o(.text) refers to _printf_percent.o(.ARM.Collect$$_printf_percent$$00000000) for _printf_percent
    __printf_flags_wp.o(.text) refers to __printf_flags_wp.o(.constdata) for .constdata
    __printf_ss_wp.o(.text) refers to __printf_wp.o(i._is_digit) for _is_digit
    __printf_ss_wp.o(.text) refers to _printf_percent.o(.ARM.Collect$$_printf_percent$$00000000) for _printf_percent
    __printf_flags_ss_wp.o(.text) refers to __printf_wp.o(i._is_digit) for _is_digit
    __printf_flags_ss_wp.o(.text) refers to _printf_percent.o(.ARM.Collect$$_printf_percent$$00000000) for _printf_percent
    __printf_flags_ss_wp.o(.text) refers to __printf_flags_ss_wp.o(.constdata) for .constdata
    _printf_c.o(.ARM.Collect$$_printf_percent$$00000013) refers (Weak) to _printf_char.o(.text) for _printf_char
    _printf_s.o(.ARM.Collect$$_printf_percent$$00000014) refers (Weak) to _printf_char.o(.text) for _printf_string
    _printf_x.o(.ARM.Collect$$_printf_percent$$0000000C) refers (Weak) to _printf_hex_int.o(.text) for _printf_int_hex
    _printf_d.o(.ARM.Collect$$_printf_percent$$00000009) refers (Weak) to _printf_dec.o(.text) for _printf_int_dec
    _printf_u.o(.ARM.Collect$$_printf_percent$$0000000A) refers (Weak) to _printf_dec.o(.text) for _printf_int_dec
    _printf_percent.o(.ARM.Collect$$_printf_percent$$00000000) refers (Special) to _printf_percent_end.o(.ARM.Collect$$_printf_percent$$00000017) for _printf_percent_end
    rt_memcpy_v6.o(.text) refers to rt_memcpy_w.o(.text) for __aeabi_memcpy4
    __main.o(!!!main) refers to __rtentry.o(.ARM.Collect$$rtentry$$00000000) for __rt_entry
    d2f.o(x$fpl$d2f) refers (Special) to usenofp.o(x$fpl$usenofp) for __I$use$fp
    d2f.o(x$fpl$d2f) refers to fretinf.o(x$fpl$fretinf) for __fpl_fretinf
    d2f.o(x$fpl$d2f) refers to dnaninf.o(x$fpl$dnaninf) for __fpl_dnaninf
    dfixu.o(x$fpl$dfixu) refers (Special) to usenofp.o(x$fpl$usenofp) for __I$use$fp
    dfixu.o(x$fpl$dfixu) refers to dnaninf.o(x$fpl$dnaninf) for __fpl_dnaninf
    dfixu.o(x$fpl$dfixur) refers (Special) to usenofp.o(x$fpl$usenofp) for __I$use$fp
    dfixu.o(x$fpl$dfixur) refers to dnaninf.o(x$fpl$dnaninf) for __fpl_dnaninf
    dflt_clz.o(x$fpl$dfltu) refers (Special) to usenofp.o(x$fpl$usenofp) for __I$use$fp
    dflt_clz.o(x$fpl$dflt) refers (Special) to usenofp.o(x$fpl$usenofp) for __I$use$fp
    dflt_clz.o(x$fpl$dfltn) refers (Special) to usenofp.o(x$fpl$usenofp) for __I$use$fp
    dmul.o(x$fpl$dmul) refers (Special) to usenofp.o(x$fpl$usenofp) for __I$use$fp
    dmul.o(x$fpl$dmul) refers to dretinf.o(x$fpl$dretinf) for __fpl_dretinf
    dmul.o(x$fpl$dmul) refers to dnaninf.o(x$fpl$dnaninf) for __fpl_dnaninf
    f2d.o(x$fpl$f2d) refers (Special) to usenofp.o(x$fpl$usenofp) for __I$use$fp
    f2d.o(x$fpl$f2d) refers to fnaninf.o(x$fpl$fnaninf) for __fpl_fnaninf
    f2d.o(x$fpl$f2d) refers to dretinf.o(x$fpl$dretinf) for __fpl_dretinf
    faddsub_clz.o(x$fpl$fadd) refers (Special) to usenofp.o(x$fpl$usenofp) for __I$use$fp
    faddsub_clz.o(x$fpl$fadd) refers to faddsub_clz.o(x$fpl$fsub) for _fsub1
    faddsub_clz.o(x$fpl$fadd) refers to fretinf.o(x$fpl$fretinf) for __fpl_fretinf
    faddsub_clz.o(x$fpl$fadd) refers to fnaninf.o(x$fpl$fnaninf) for __fpl_fnaninf
    faddsub_clz.o(x$fpl$frsb) refers (Special) to usenofp.o(x$fpl$usenofp) for __I$use$fp
    faddsub_clz.o(x$fpl$frsb) refers to faddsub_clz.o(x$fpl$fadd) for _fadd1
    faddsub_clz.o(x$fpl$frsb) refers to faddsub_clz.o(x$fpl$fsub) for _fsub1
    faddsub_clz.o(x$fpl$fsub) refers (Special) to usenofp.o(x$fpl$usenofp) for __I$use$fp
    faddsub_clz.o(x$fpl$fsub) refers to faddsub_clz.o(x$fpl$fadd) for _fadd1
    faddsub_clz.o(x$fpl$fsub) refers to fnaninf.o(x$fpl$fnaninf) for __fpl_fnaninf
    fdiv.o(x$fpl$frdiv) refers (Special) to usenofp.o(x$fpl$usenofp) for __I$use$fp
    fdiv.o(x$fpl$frdiv) refers to fdiv.o(x$fpl$fdiv) for _fdiv1
    fdiv.o(x$fpl$fdiv) refers (Special) to usenofp.o(x$fpl$usenofp) for __I$use$fp
    fdiv.o(x$fpl$fdiv) refers to fretinf.o(x$fpl$fretinf) for __fpl_fretinf
    fdiv.o(x$fpl$fdiv) refers to fnaninf.o(x$fpl$fnaninf) for __fpl_fnaninf
    feqf.o(x$fpl$feqf) refers (Special) to usenofp.o(x$fpl$usenofp) for __I$use$fp
    feqf.o(x$fpl$feqf) refers to fnaninf.o(x$fpl$fnaninf) for __fpl_fnaninf
    feqf.o(x$fpl$feqf) refers to fcmpi.o(x$fpl$fcmpinf) for __fpl_fcmp_Inf
    ffixu.o(x$fpl$ffixu) refers (Special) to usenofp.o(x$fpl$usenofp) for __I$use$fp
    ffixu.o(x$fpl$ffixu) refers to fnaninf.o(x$fpl$fnaninf) for __fpl_fnaninf
    ffixu.o(x$fpl$ffixur) refers (Special) to usenofp.o(x$fpl$usenofp) for __I$use$fp
    ffixu.o(x$fpl$ffixur) refers to fnaninf.o(x$fpl$fnaninf) for __fpl_fnaninf
    fflt_clz.o(x$fpl$ffltu) refers (Special) to usenofp.o(x$fpl$usenofp) for __I$use$fp
    fflt_clz.o(x$fpl$fflt) refers (Special) to usenofp.o(x$fpl$usenofp) for __I$use$fp
    fflt_clz.o(x$fpl$ffltn) refers (Special) to usenofp.o(x$fpl$usenofp) for __I$use$fp
    fmul.o(x$fpl$fmul) refers (Special) to usenofp.o(x$fpl$usenofp) for __I$use$fp
    fmul.o(x$fpl$fmul) refers to fretinf.o(x$fpl$fretinf) for __fpl_fretinf
    fmul.o(x$fpl$fmul) refers to fnaninf.o(x$fpl$fnaninf) for __fpl_fnaninf
    __rtentry.o(.ARM.Collect$$rtentry$$00000000) refers (Special) to __rtentry2.o(.ARM.Collect$$rtentry$$0000000A) for __rt_entry_li
    __rtentry.o(.ARM.Collect$$rtentry$$00000000) refers (Special) to __rtentry2.o(.ARM.Collect$$rtentry$$0000000D) for __rt_entry_main
    __rtentry.o(.ARM.Collect$$rtentry$$00000000) refers (Special) to __rtentry2.o(.ARM.Collect$$rtentry$$0000000C) for __rt_entry_postli_1
    __rtentry.o(.ARM.Collect$$rtentry$$00000000) refers (Special) to __rtentry2.o(.ARM.Collect$$rtentry$$00000009) for __rt_entry_postsh_1
    __rtentry.o(.ARM.Collect$$rtentry$$00000000) refers (Special) to __rtentry2.o(.ARM.Collect$$rtentry$$00000002) for __rt_entry_presh_1
    __rtentry.o(.ARM.Collect$$rtentry$$00000000) refers (Special) to __rtentry4.o(.ARM.Collect$$rtentry$$00000004) for __rt_entry_sh
    rt_heap_descriptor.o(.text) refers to rt_heap_descriptor.o(.bss) for __rt_heap_descriptor_data
    rt_heap_descriptor_intlibspace.o(.text) refers to libspace.o(.bss) for __libspace_start
    init_alloc.o(.text) refers (Special) to hguard.o(.text) for __heap$guard
    init_alloc.o(.text) refers (Special) to libinit2.o(.ARM.Collect$$libinit$$00000005) for __rt_lib_init_heap_2
    init_alloc.o(.text) refers (Special) to maybetermalloc1.o(.emb_text) for _maybe_terminate_alloc
    init_alloc.o(.text) refers to h1_extend.o(.text) for __Heap_ProvideMemory
    init_alloc.o(.text) refers to defsig_rtmem_outer.o(.text) for __rt_SIGRTMEM
    init_alloc.o(.text) refers to rt_heap_descriptor_intlibspace.o(.text) for __rt_heap_descriptor
    init_alloc.o(.text) refers to h1_init.o(.text) for __Heap_Initialize
    h1_init_mt.o(.text) refers to mutex_dummy.o(.text) for _mutex_initialize
    _printf_intcommon.o(.text) refers (Weak) to _printf_pad.o(.text) for _printf_pre_padding
    _printf_intcommon.o(.text) refers (Weak) to _printf_pad.o(.text) for _printf_pre_padding
    _printf_intcommon.o(.text) refers (Weak) to _printf_pad.o(.text) for _printf_post_padding
    _printf_char.o(.text) refers (Weak) to _printf_str.o(.text) for _printf_str
    _printf_char_file.o(.text) refers to _printf_char_common.o(.text) for _printf_char_common
    _printf_char_file.o(.text) refers to ferror.o(.text) for ferror
    _printf_char_file.o(.text) refers to usart.o(.text) for fputc
    _get_argv.o(.text) refers (Special) to hrguard.o(.text) for __heap_region$guard
    _get_argv.o(.text) refers to h1_alloc.o(.text) for malloc
    _get_argv.o(.text) refers to defsig_rtmem_outer.o(.text) for __rt_SIGRTMEM
    _get_argv.o(.text) refers to sys_command.o(.text) for _sys_command_string
    libinit2.o(.ARM.Collect$$libinit$$00000005) refers (Weak) to init_alloc.o(.text) for _init_alloc
    libinit2.o(.ARM.Collect$$libinit$$00000010) refers to libinit2.o(.ARM.Collect$$libinit$$0000000F) for .ARM.Collect$$libinit$$0000000F
    libinit2.o(.ARM.Collect$$libinit$$00000012) refers to libinit2.o(.ARM.Collect$$libinit$$0000000F) for .ARM.Collect$$libinit$$0000000F
    libinit2.o(.ARM.Collect$$libinit$$00000014) refers to libinit2.o(.ARM.Collect$$libinit$$0000000F) for .ARM.Collect$$libinit$$0000000F
    libinit2.o(.ARM.Collect$$libinit$$00000016) refers to libinit2.o(.ARM.Collect$$libinit$$0000000F) for .ARM.Collect$$libinit$$0000000F
    libinit2.o(.ARM.Collect$$libinit$$00000018) refers to libinit2.o(.ARM.Collect$$libinit$$0000000F) for .ARM.Collect$$libinit$$0000000F
    libinit2.o(.ARM.Collect$$libinit$$00000026) refers to argv_veneer.o(.emb_text) for __ARM_argv_veneer
    libinit2.o(.ARM.Collect$$libinit$$00000027) refers to argv_veneer.o(.emb_text) for __ARM_argv_veneer
    dnaninf.o(x$fpl$dnaninf) refers (Special) to usenofp.o(x$fpl$usenofp) for __I$use$fp
    dretinf.o(x$fpl$dretinf) refers (Special) to usenofp.o(x$fpl$usenofp) for __I$use$fp
    fcmpi.o(x$fpl$fcmpinf) refers (Special) to usenofp.o(x$fpl$usenofp) for __I$use$fp
    fnaninf.o(x$fpl$fnaninf) refers (Special) to usenofp.o(x$fpl$usenofp) for __I$use$fp
    fretinf.o(x$fpl$fretinf) refers (Special) to usenofp.o(x$fpl$usenofp) for __I$use$fp
    sys_command.o(.text) refers (Special) to use_no_semi.o(.text) for __I$use$semihosting
    sys_command.o(.text) refers (Special) to indicate_semi.o(.text) for __semihosting_library_function
    libspace.o(.text) refers to libspace.o(.bss) for __libspace_start
    __rtentry2.o(.ARM.Collect$$rtentry$$00000008) refers to boardinit2.o(.text) for _platform_post_stackheap_init
    __rtentry2.o(.ARM.Collect$$rtentry$$0000000A) refers to libinit.o(.ARM.Collect$$libinit$$00000000) for __rt_lib_init
    __rtentry2.o(.ARM.Collect$$rtentry$$0000000B) refers to boardinit3.o(.text) for _platform_post_lib_init
    __rtentry2.o(.ARM.Collect$$rtentry$$0000000D) refers to main.o(.text) for main
    __rtentry2.o(.ARM.Collect$$rtentry$$0000000D) refers to exit.o(.text) for exit
    __rtentry2.o(.ARM.exidx) refers to __rtentry2.o(.ARM.Collect$$rtentry$$00000001) for .ARM.Collect$$rtentry$$00000001
    __rtentry2.o(.ARM.exidx) refers to __rtentry2.o(.ARM.Collect$$rtentry$$00000008) for .ARM.Collect$$rtentry$$00000008
    __rtentry2.o(.ARM.exidx) refers to __rtentry2.o(.ARM.Collect$$rtentry$$0000000A) for .ARM.Collect$$rtentry$$0000000A
    __rtentry2.o(.ARM.exidx) refers to __rtentry2.o(.ARM.Collect$$rtentry$$0000000B) for .ARM.Collect$$rtentry$$0000000B
    __rtentry2.o(.ARM.exidx) refers to __rtentry2.o(.ARM.Collect$$rtentry$$0000000D) for .ARM.Collect$$rtentry$$0000000D
    __rtentry4.o(.ARM.Collect$$rtentry$$00000004) refers to sys_stackheap_outer.o(.text) for __user_setup_stackheap
    __rtentry4.o(.ARM.exidx) refers to __rtentry4.o(.ARM.Collect$$rtentry$$00000004) for .ARM.Collect$$rtentry$$00000004
    aeabi_ldiv0_sigfpe.o(.text) refers to rt_div0.o(.text) for __rt_div0
    maybetermalloc2.o(.emb_text) refers (Special) to term_alloc.o(.text) for _terminate_alloc
    h1_extend.o(.text) refers to h1_free.o(.text) for free
    h1_extend_mt.o(.text) refers to h1_free_mt.o(.text) for _free_internal
    _printf_char_common.o(.text) refers to __printf_flags_ss_wp.o(.text) for __printf
    defsig_rtmem_outer.o(.text) refers to defsig_rtmem_inner.o(.text) for __rt_SIGRTMEM_inner
    defsig_rtmem_outer.o(.text) refers to defsig_exit.o(.text) for __sig_exit
    defsig_rtmem_formal.o(.text) refers to rt_raise.o(.text) for __rt_raise
    heapauxa.o(.text) refers to heapauxa.o(.data) for .data
    argv_veneer.o(.emb_text) refers to no_argv.o(.text) for __ARM_get_argv
    sys_stackheap_outer.o(.text) refers to libspace.o(.text) for __user_perproc_libspace
    sys_stackheap_outer.o(.text) refers to startup_stm32f10x_hd.o(.text) for __user_initial_stackheap
    rt_div0.o(.text) refers to defsig_fpe_outer.o(.text) for __rt_SIGFPE
    rt_raise.o(.text) refers to __raise.o(.text) for __raise
    rt_raise.o(.text) refers to usart.o(.text) for _sys_exit
    term_alloc.o(.text) refers (Special) to libshutdown2.o(.ARM.Collect$$libshutdown$$0000000D) for __rt_lib_shutdown_heap_2
    term_alloc.o(.text) refers to rt_heap_descriptor_intlibspace.o(.text) for __rt_heap_descriptor
    term_alloc.o(.text) refers to h1_final.o(.text) for __Heap_Finalize
    exit.o(.text) refers to rtexit.o(.ARM.Collect$$rtexit$$00000000) for __rt_exit
    defsig_exit.o(.text) refers to usart.o(.text) for _sys_exit
    defsig_rtmem_inner.o(.text) refers to defsig_general.o(.text) for __default_signal_display
    _get_argv_nomalloc.o(.text) refers (Special) to hrguard.o(.text) for __heap_region$guard
    _get_argv_nomalloc.o(.text) refers to defsig_rtmem_outer.o(.text) for __rt_SIGRTMEM
    _get_argv_nomalloc.o(.text) refers to sys_command.o(.text) for _sys_command_string
    libinit.o(.ARM.Collect$$libinit$$00000000) refers (Special) to libinit2.o(.ARM.Collect$$libinit$$0000002E) for __rt_lib_init_alloca_1
    libinit.o(.ARM.Collect$$libinit$$00000000) refers (Special) to libinit2.o(.ARM.Collect$$libinit$$0000002C) for __rt_lib_init_argv_1
    libinit.o(.ARM.Collect$$libinit$$00000000) refers (Special) to libinit2.o(.ARM.Collect$$libinit$$0000001B) for __rt_lib_init_atexit_1
    libinit.o(.ARM.Collect$$libinit$$00000000) refers (Special) to libinit2.o(.ARM.Collect$$libinit$$00000021) for __rt_lib_init_clock_1
    libinit.o(.ARM.Collect$$libinit$$00000000) refers (Special) to libinit2.o(.ARM.Collect$$libinit$$00000032) for __rt_lib_init_cpp_1
    libinit.o(.ARM.Collect$$libinit$$00000000) refers (Special) to libinit2.o(.ARM.Collect$$libinit$$00000030) for __rt_lib_init_exceptions_1
    libinit.o(.ARM.Collect$$libinit$$00000000) refers (Special) to libinit2.o(.ARM.Collect$$libinit$$00000002) for __rt_lib_init_fp_1
    libinit.o(.ARM.Collect$$libinit$$00000000) refers (Special) to libinit2.o(.ARM.Collect$$libinit$$0000001F) for __rt_lib_init_fp_trap_1
    libinit.o(.ARM.Collect$$libinit$$00000000) refers (Special) to libinit2.o(.ARM.Collect$$libinit$$00000023) for __rt_lib_init_getenv_1
    libinit.o(.ARM.Collect$$libinit$$00000000) refers (Special) to libinit2.o(.ARM.Collect$$libinit$$0000000A) for __rt_lib_init_heap_1
    libinit.o(.ARM.Collect$$libinit$$00000000) refers (Special) to libinit2.o(.ARM.Collect$$libinit$$00000011) for __rt_lib_init_lc_collate_1
    libinit.o(.ARM.Collect$$libinit$$00000000) refers (Special) to libinit2.o(.ARM.Collect$$libinit$$00000013) for __rt_lib_init_lc_ctype_1
    libinit.o(.ARM.Collect$$libinit$$00000000) refers (Special) to libinit2.o(.ARM.Collect$$libinit$$00000015) for __rt_lib_init_lc_monetary_1
    libinit.o(.ARM.Collect$$libinit$$00000000) refers (Special) to libinit2.o(.ARM.Collect$$libinit$$00000017) for __rt_lib_init_lc_numeric_1
    libinit.o(.ARM.Collect$$libinit$$00000000) refers (Special) to libinit2.o(.ARM.Collect$$libinit$$00000019) for __rt_lib_init_lc_time_1
    libinit.o(.ARM.Collect$$libinit$$00000000) refers (Special) to libinit2.o(.ARM.Collect$$libinit$$00000004) for __rt_lib_init_preinit_1
    libinit.o(.ARM.Collect$$libinit$$00000000) refers (Special) to libinit2.o(.ARM.Collect$$libinit$$0000000E) for __rt_lib_init_rand_1
    libinit.o(.ARM.Collect$$libinit$$00000000) refers (Special) to libinit2.o(.ARM.Collect$$libinit$$00000033) for __rt_lib_init_return
    libinit.o(.ARM.Collect$$libinit$$00000000) refers (Special) to libinit2.o(.ARM.Collect$$libinit$$0000001D) for __rt_lib_init_signal_1
    libinit.o(.ARM.Collect$$libinit$$00000000) refers (Special) to libinit2.o(.ARM.Collect$$libinit$$00000025) for __rt_lib_init_stdio_1
    libinit.o(.ARM.Collect$$libinit$$00000000) refers (Special) to libinit2.o(.ARM.Collect$$libinit$$0000000C) for __rt_lib_init_user_alloc_1
    rtexit.o(.ARM.Collect$$rtexit$$00000000) refers (Special) to rtexit2.o(.ARM.Collect$$rtexit$$00000004) for __rt_exit_exit
    rtexit.o(.ARM.Collect$$rtexit$$00000000) refers (Special) to rtexit2.o(.ARM.Collect$$rtexit$$00000003) for __rt_exit_ls
    rtexit.o(.ARM.Collect$$rtexit$$00000000) refers (Special) to rtexit2.o(.ARM.Collect$$rtexit$$00000002) for __rt_exit_prels_1
    rtexit.o(.ARM.exidx) refers (Special) to rtexit2.o(.ARM.Collect$$rtexit$$00000004) for __rt_exit_exit
    rtexit.o(.ARM.exidx) refers (Special) to rtexit2.o(.ARM.Collect$$rtexit$$00000003) for __rt_exit_ls
    rtexit.o(.ARM.exidx) refers (Special) to rtexit2.o(.ARM.Collect$$rtexit$$00000002) for __rt_exit_prels_1
    rtexit.o(.ARM.exidx) refers to rtexit.o(.ARM.Collect$$rtexit$$00000000) for .ARM.Collect$$rtexit$$00000000
    __raise.o(.text) refers to defsig.o(CL$$defsig) for __default_signal_handler
    defsig_general.o(.text) refers to usart.o(.text) for _ttywrch
    defsig_fpe_outer.o(.text) refers to defsig_fpe_inner.o(.text) for __rt_SIGFPE_inner
    defsig_fpe_outer.o(.text) refers to defsig_exit.o(.text) for __sig_exit
    defsig_fpe_formal.o(.text) refers to rt_raise.o(.text) for __rt_raise
    libshutdown2.o(.ARM.Collect$$libshutdown$$0000000C) refers (Weak) to term_alloc.o(.text) for _terminate_alloc
    rtexit2.o(.ARM.Collect$$rtexit$$00000003) refers to libshutdown.o(.ARM.Collect$$libshutdown$$00000000) for __rt_lib_shutdown
    rtexit2.o(.ARM.Collect$$rtexit$$00000004) refers to usart.o(.text) for _sys_exit
    rtexit2.o(.ARM.exidx) refers to rtexit2.o(.ARM.Collect$$rtexit$$00000001) for .ARM.Collect$$rtexit$$00000001
    rtexit2.o(.ARM.exidx) refers to rtexit2.o(.ARM.Collect$$rtexit$$00000003) for .ARM.Collect$$rtexit$$00000003
    rtexit2.o(.ARM.exidx) refers to rtexit2.o(.ARM.Collect$$rtexit$$00000004) for .ARM.Collect$$rtexit$$00000004
    defsig_fpe_inner.o(.text) refers to defsig_general.o(.text) for __default_signal_display
    defsig.o(CL$$defsig) refers to defsig_fpe_inner.o(.text) for __rt_SIGFPE_inner
    defsig.o(CL$$defsig) refers to defsig_rtmem_inner.o(.text) for __rt_SIGRTMEM_inner
    defsig_abrt_inner.o(.text) refers to defsig_general.o(.text) for __default_signal_display
    defsig_rtred_inner.o(.text) refers to defsig_general.o(.text) for __default_signal_display
    defsig_stak_inner.o(.text) refers to defsig_general.o(.text) for __default_signal_display
    defsig_pvfn_inner.o(.text) refers to defsig_general.o(.text) for __default_signal_display
    defsig_cppl_inner.o(.text) refers to defsig_general.o(.text) for __default_signal_display
    defsig_segv_inner.o(.text) refers to defsig_general.o(.text) for __default_signal_display
    defsig_other.o(.text) refers to defsig_general.o(.text) for __default_signal_display
    libshutdown.o(.ARM.Collect$$libshutdown$$00000000) refers (Special) to libshutdown2.o(.ARM.Collect$$libshutdown$$00000006) for __rt_lib_shutdown_fp_trap_1
    libshutdown.o(.ARM.Collect$$libshutdown$$00000000) refers (Special) to libshutdown2.o(.ARM.Collect$$libshutdown$$0000000E) for __rt_lib_shutdown_heap_1
    libshutdown.o(.ARM.Collect$$libshutdown$$00000000) refers (Special) to libshutdown2.o(.ARM.Collect$$libshutdown$$0000000F) for __rt_lib_shutdown_return
    libshutdown.o(.ARM.Collect$$libshutdown$$00000000) refers (Special) to libshutdown2.o(.ARM.Collect$$libshutdown$$00000009) for __rt_lib_shutdown_signal_1
    libshutdown.o(.ARM.Collect$$libshutdown$$00000000) refers (Special) to libshutdown2.o(.ARM.Collect$$libshutdown$$00000003) for __rt_lib_shutdown_stdio_1
    libshutdown.o(.ARM.Collect$$libshutdown$$00000000) refers (Special) to libshutdown2.o(.ARM.Collect$$libshutdown$$0000000B) for __rt_lib_shutdown_user_alloc_1


==============================================================================

Removing Unused input sections from the image.

    Removing sensirion_common.o(.text), (88 bytes).
    Removing sensirion_sw_i2c.o(.text), (624 bytes).
    Removing sgp30.o(.text), (2516 bytes).
    Removing sgp30.o(.bss), (48 bytes).
    Removing sgp30.o(.constdata), (24 bytes).
    Removing sgp30_featureset.o(.constdata), (552 bytes).
    Removing sgp30_featureset.o(.data), (76 bytes).
    Removing sys.o(.emb_text), (6 bytes).
    Removing core_cm3.o(.emb_text), (32 bytes).
    Removing exfuns.o(.bss), (68 bytes).
    Removing fattester.o(.text), (1736 bytes).

11 unused section(s) (total 5770 bytes) removed from the image.

==============================================================================

Memory Map of the image

  Image Entry point : 0x00000000

  Load Region LR_IROM1 (Base: 0x08000000, Size: 0x000124c0, Max: 0x00080000, ABSOLUTE)

    Execution Region ER_IROM1 (Base: 0x08000000, Size: 0x00012300, Max: 0x00080000, ABSOLUTE)

    Base Addr    Size         Type   Attr      Idx    E Section Name        Object

    0x08000000   0x00000130   Data   RO          533    RESET               startup_stm32f10x_hd.o
    0x08000130   0x00000008   Code   RO          981  * !!!main             c_w.l(__main.o)
    0x08000138   0x00000000   Code   RO          968    .ARM.Collect$$_printf_percent$$00000000  c_w.l(_printf_percent.o)
    0x08000138   0x00000006   Code   RO          966    .ARM.Collect$$_printf_percent$$00000009  c_w.l(_printf_d.o)
    0x0800013e   0x00000006   Code   RO          967    .ARM.Collect$$_printf_percent$$0000000A  c_w.l(_printf_u.o)
    0x08000144   0x00000006   Code   RO          965    .ARM.Collect$$_printf_percent$$0000000C  c_w.l(_printf_x.o)
    0x0800014a   0x00000006   Code   RO          963    .ARM.Collect$$_printf_percent$$00000013  c_w.l(_printf_c.o)
    0x08000150   0x00000006   Code   RO          964    .ARM.Collect$$_printf_percent$$00000014  c_w.l(_printf_s.o)
    0x08000156   0x00000004   Code   RO         1061    .ARM.Collect$$_printf_percent$$00000017  c_w.l(_printf_percent_end.o)
    0x0800015a   0x00000002   Code   RO         1197    .ARM.Collect$$libinit$$00000000  c_w.l(libinit.o)
    0x0800015c   0x00000000   Code   RO         1067    .ARM.Collect$$libinit$$00000002  c_w.l(libinit2.o)
    0x0800015c   0x00000000   Code   RO         1069    .ARM.Collect$$libinit$$00000004  c_w.l(libinit2.o)
    0x0800015c   0x00000000   Code   RO         1072    .ARM.Collect$$libinit$$0000000A  c_w.l(libinit2.o)
    0x0800015c   0x00000000   Code   RO         1074    .ARM.Collect$$libinit$$0000000C  c_w.l(libinit2.o)
    0x0800015c   0x00000000   Code   RO         1076    .ARM.Collect$$libinit$$0000000E  c_w.l(libinit2.o)
    0x0800015c   0x00000000   Code   RO         1079    .ARM.Collect$$libinit$$00000011  c_w.l(libinit2.o)
    0x0800015c   0x00000000   Code   RO         1081    .ARM.Collect$$libinit$$00000013  c_w.l(libinit2.o)
    0x0800015c   0x00000000   Code   RO         1083    .ARM.Collect$$libinit$$00000015  c_w.l(libinit2.o)
    0x0800015c   0x00000000   Code   RO         1085    .ARM.Collect$$libinit$$00000017  c_w.l(libinit2.o)
    0x0800015c   0x00000000   Code   RO         1087    .ARM.Collect$$libinit$$00000019  c_w.l(libinit2.o)
    0x0800015c   0x00000000   Code   RO         1089    .ARM.Collect$$libinit$$0000001B  c_w.l(libinit2.o)
    0x0800015c   0x00000000   Code   RO         1091    .ARM.Collect$$libinit$$0000001D  c_w.l(libinit2.o)
    0x0800015c   0x00000000   Code   RO         1093    .ARM.Collect$$libinit$$0000001F  c_w.l(libinit2.o)
    0x0800015c   0x00000000   Code   RO         1095    .ARM.Collect$$libinit$$00000021  c_w.l(libinit2.o)
    0x0800015c   0x00000000   Code   RO         1097    .ARM.Collect$$libinit$$00000023  c_w.l(libinit2.o)
    0x0800015c   0x00000000   Code   RO         1099    .ARM.Collect$$libinit$$00000025  c_w.l(libinit2.o)
    0x0800015c   0x00000000   Code   RO         1103    .ARM.Collect$$libinit$$0000002C  c_w.l(libinit2.o)
    0x0800015c   0x00000000   Code   RO         1105    .ARM.Collect$$libinit$$0000002E  c_w.l(libinit2.o)
    0x0800015c   0x00000000   Code   RO         1107    .ARM.Collect$$libinit$$00000030  c_w.l(libinit2.o)
    0x0800015c   0x00000000   Code   RO         1109    .ARM.Collect$$libinit$$00000032  c_w.l(libinit2.o)
    0x0800015c   0x00000002   Code   RO         1110    .ARM.Collect$$libinit$$00000033  c_w.l(libinit2.o)
    0x0800015e   0x00000002   Code   RO         1254    .ARM.Collect$$libshutdown$$00000000  c_w.l(libshutdown.o)
    0x08000160   0x00000000   Code   RO         1214    .ARM.Collect$$libshutdown$$00000003  c_w.l(libshutdown2.o)
    0x08000160   0x00000000   Code   RO         1217    .ARM.Collect$$libshutdown$$00000006  c_w.l(libshutdown2.o)
    0x08000160   0x00000000   Code   RO         1220    .ARM.Collect$$libshutdown$$00000009  c_w.l(libshutdown2.o)
    0x08000160   0x00000000   Code   RO         1222    .ARM.Collect$$libshutdown$$0000000B  c_w.l(libshutdown2.o)
    0x08000160   0x00000000   Code   RO         1225    .ARM.Collect$$libshutdown$$0000000E  c_w.l(libshutdown2.o)
    0x08000160   0x00000002   Code   RO         1226    .ARM.Collect$$libshutdown$$0000000F  c_w.l(libshutdown2.o)
    0x08000162   0x00000000   Code   RO         1027    .ARM.Collect$$rtentry$$00000000  c_w.l(__rtentry.o)
    0x08000162   0x00000000   Code   RO         1128    .ARM.Collect$$rtentry$$00000002  c_w.l(__rtentry2.o)
    0x08000162   0x00000006   Code   RO         1140    .ARM.Collect$$rtentry$$00000004  c_w.l(__rtentry4.o)
    0x08000168   0x00000000   Code   RO         1130    .ARM.Collect$$rtentry$$00000009  c_w.l(__rtentry2.o)
    0x08000168   0x00000004   Code   RO         1131    .ARM.Collect$$rtentry$$0000000A  c_w.l(__rtentry2.o)
    0x0800016c   0x00000000   Code   RO         1133    .ARM.Collect$$rtentry$$0000000C  c_w.l(__rtentry2.o)
    0x0800016c   0x00000008   Code   RO         1134    .ARM.Collect$$rtentry$$0000000D  c_w.l(__rtentry2.o)
    0x08000174   0x00000002   Code   RO         1198    .ARM.Collect$$rtexit$$00000000  c_w.l(rtexit.o)
    0x08000176   0x00000000   Code   RO         1228    .ARM.Collect$$rtexit$$00000002  c_w.l(rtexit2.o)
    0x08000176   0x00000004   Code   RO         1229    .ARM.Collect$$rtexit$$00000003  c_w.l(rtexit2.o)
    0x0800017a   0x00000006   Code   RO         1230    .ARM.Collect$$rtexit$$00000004  c_w.l(rtexit2.o)
    0x08000180   0x00000410   Code   RO            1    .text               main.o
    0x08000590   0x0000001a   Code   RO          187    .text               stm32f10x_it.o
    0x080005aa   0x00000002   PAD
    0x080005ac   0x000001e0   Code   RO          228    .text               system_stm32f10x.o
    0x0800078c   0x0000004c   Code   RO          246    .text               led.o
    0x080007d8   0x000000b4   Code   RO          258    .text               key.o
    0x0800088c   0x00004a5c   Code   RO          271    .text               lcd.o
    0x080052e8   0x00000108   Code   RO          301    .text               spi.o
    0x080053f0   0x00000368   Code   RO          316    .text               w25qxx.o
    0x08005758   0x00001c30   Code   RO          335    .text               sdio_sdcard.o
    0x08007388   0x0000019c   Code   RO          443    .text               dht11.o
    0x08007524   0x000000e8   Code   RO          455    .text               adc.o
    0x0800760c   0x000000d4   Code   RO          467    .text               delay.o
    0x080076e0   0x0000000c   Code   RO          482    .text               sys.o
    0x080076ec   0x00000144   Code   RO          498    .text               usart.o
    0x08007830   0x00000040   Code   RO          534    .text               startup_stm32f10x_hd.o
    0x08007870   0x000000dc   Code   RO          538    .text               misc.o
    0x0800794c   0x0000060c   Code   RO          550    .text               stm32f10x_fsmc.o
    0x08007f58   0x0000035c   Code   RO          562    .text               stm32f10x_gpio.o
    0x080082b4   0x000003a4   Code   RO          574    .text               stm32f10x_rcc.o
    0x08008658   0x0000030c   Code   RO          588    .text               stm32f10x_spi.o
    0x08008964   0x00000408   Code   RO          600    .text               stm32f10x_usart.o
    0x08008d6c   0x00000e1a   Code   RO          612    .text               stm32f10x_tim.o
    0x08009b86   0x00000002   PAD
    0x08009b88   0x000001d4   Code   RO          624    .text               stm32f10x_sdio.o
    0x08009d5c   0x00000254   Code   RO          636    .text               stm32f10x_dma.o
    0x08009fb0   0x0000022c   Code   RO          648    .text               malloc.o
    0x0800a1dc   0x00000200   Code   RO          670    .text               diskio.o
    0x0800a3dc   0x000032e4   Code   RO          688    .text               ff.o
    0x0800d6c0   0x000001a8   Code   RO          709    .text               exfuns.o
    0x0800d868   0x000000cc   Code   RO          752    .text               mycc936.o
    0x0800d934   0x00000c38   Code   RO          765    .text               usmart.o
    0x0800e56c   0x00000528   Code   RO          794    .text               usmart_str.o
    0x0800ea94   0x000005d0   Code   RO          806    .text               fontupd.o
    0x0800f064   0x000002d4   Code   RO          830    .text               text.o
    0x0800f338   0x00000002   Code   RO          844    .text               c_w.l(use_no_semi_2.o)
    0x0800f33a   0x00000048   Code   RO          908    .text               c_w.l(llsdiv.o)
    0x0800f382   0x00000002   PAD
    0x0800f384   0x00000018   Code   RO          912    .text               c_w.l(noretval__2printf.o)
    0x0800f39c   0x0000004e   Code   RO          916    .text               c_w.l(_printf_pad.o)
    0x0800f3ea   0x00000052   Code   RO          918    .text               c_w.l(_printf_str.o)
    0x0800f43c   0x00000078   Code   RO          920    .text               c_w.l(_printf_dec.o)
    0x0800f4b4   0x00000058   Code   RO          925    .text               c_w.l(_printf_hex_int.o)
    0x0800f50c   0x00000188   Code   RO          960    .text               c_w.l(__printf_flags_ss_wp.o)
    0x0800f694   0x00000048   Code   RO          969    .text               c_w.l(strcpy.o)
    0x0800f6dc   0x0000003e   Code   RO          971    .text               c_w.l(strlen.o)
    0x0800f71a   0x00000018   Code   RO          973    .text               c_w.l(strcat.o)
    0x0800f732   0x0000008a   Code   RO          975    .text               c_w.l(rt_memcpy_v6.o)
    0x0800f7bc   0x00000080   Code   RO          977    .text               c_w.l(strcmpv7m.o)
    0x0800f83c   0x00000006   Code   RO          979    .text               c_w.l(heapauxi.o)
    0x0800f842   0x00000002   Code   RO         1023    .text               c_w.l(use_no_semi.o)
    0x0800f844   0x000000ee   Code   RO         1053    .text               c_w.l(lludivv7m.o)
    0x0800f932   0x000000b2   Code   RO         1055    .text               c_w.l(_printf_intcommon.o)
    0x0800f9e4   0x0000002c   Code   RO         1057    .text               c_w.l(_printf_char.o)
    0x0800fa10   0x00000024   Code   RO         1059    .text               c_w.l(_printf_char_file.o)
    0x0800fa34   0x00000064   Code   RO         1062    .text               c_w.l(rt_memcpy_w.o)
    0x0800fa98   0x00000008   Code   RO         1124    .text               c_w.l(libspace.o)
    0x0800faa0   0x00000030   Code   RO         1154    .text               c_w.l(_printf_char_common.o)
    0x0800fad0   0x00000008   Code   RO         1156    .text               c_w.l(ferror.o)
    0x0800fad8   0x0000004a   Code   RO         1172    .text               c_w.l(sys_stackheap_outer.o)
    0x0800fb22   0x0000000c   Code   RO         1182    .text               c_w.l(exit.o)
    0x0800fb2e   0x0000000e   Code   RO          953    i._is_digit         c_w.l(__printf_wp.o)
    0x0800fb3c   0x00000062   Code   RO          983    x$fpl$d2f           fz_ws.l(d2f.o)
    0x0800fb9e   0x00000002   PAD
    0x0800fba0   0x0000005a   Code   RO          985    x$fpl$dfixu         fz_ws.l(dfixu.o)
    0x0800fbfa   0x00000026   Code   RO          989    x$fpl$dfltu         fz_ws.l(dflt_clz.o)
    0x0800fc20   0x00000154   Code   RO          995    x$fpl$dmul          fz_ws.l(dmul.o)
    0x0800fd74   0x0000009c   Code   RO         1111    x$fpl$dnaninf       fz_ws.l(dnaninf.o)
    0x0800fe10   0x0000000c   Code   RO         1113    x$fpl$dretinf       fz_ws.l(dretinf.o)
    0x0800fe1c   0x00000056   Code   RO          997    x$fpl$f2d           fz_ws.l(f2d.o)
    0x0800fe72   0x00000002   PAD
    0x0800fe74   0x000000c4   Code   RO          999    x$fpl$fadd          fz_ws.l(faddsub_clz.o)
    0x0800ff38   0x00000018   Code   RO         1115    x$fpl$fcmpinf       fz_ws.l(fcmpi.o)
    0x0800ff50   0x00000184   Code   RO         1006    x$fpl$fdiv          fz_ws.l(fdiv.o)
    0x080100d4   0x00000068   Code   RO         1009    x$fpl$feqf          fz_ws.l(feqf.o)
    0x0801013c   0x0000003e   Code   RO         1011    x$fpl$ffixu         fz_ws.l(ffixu.o)
    0x0801017a   0x00000002   PAD
    0x0801017c   0x00000026   Code   RO         1015    x$fpl$ffltu         fz_ws.l(fflt_clz.o)
    0x080101a2   0x00000002   PAD
    0x080101a4   0x00000102   Code   RO         1021    x$fpl$fmul          fz_ws.l(fmul.o)
    0x080102a6   0x0000008c   Code   RO         1117    x$fpl$fnaninf       fz_ws.l(fnaninf.o)
    0x08010332   0x0000000a   Code   RO         1119    x$fpl$fretinf       fz_ws.l(fretinf.o)
    0x0801033c   0x00000014   Code   RO         1000    x$fpl$frsb          fz_ws.l(faddsub_clz.o)
    0x08010350   0x000000ea   Code   RO         1001    x$fpl$fsub          fz_ws.l(faddsub_clz.o)
    0x0801043a   0x00000000   Code   RO         1121    x$fpl$usenofp       fz_ws.l(usenofp.o)
    0x0801043a   0x000017c0   Data   RO          273    .constdata          lcd.o
    0x08011bfa   0x00000002   PAD
    0x08011bfc   0x00000018   Data   RO          652    .constdata          malloc.o
    0x08011c14   0x0000003a   Data   RO          689    .constdata          ff.o
    0x08011c4e   0x00000002   PAD
    0x08011c50   0x00000138   Data   RO          711    .constdata          exfuns.o
    0x08011d88   0x000003c0   Data   RO          753    .constdata          mycc936.o
    0x08012148   0x00000010   Data   RO          808    .constdata          fontupd.o
    0x08012158   0x00000028   Data   RO          926    .constdata          c_w.l(_printf_hex_int.o)
    0x08012180   0x00000011   Data   RO          961    .constdata          c_w.l(__printf_flags_ss_wp.o)
    0x08012191   0x00000003   PAD
    0x08012194   0x00000060   Data   RO          712    .conststring        exfuns.o
    0x080121f4   0x00000028   Data   RO          766    .conststring        usmart.o
    0x0801221c   0x00000084   Data   RO          781    .conststring        usmart_config.o
    0x080122a0   0x0000005f   Data   RO          809    .conststring        fontupd.o
    0x080122ff   0x00000001   PAD
    0x08012300   0x00000000   Data   RO         1255    Region$$Table       anon$$obj.o


    Execution Region RW_IRAM1 (Base: 0x20000000, Size: 0x0000c5e8, Max: 0x00010000, ABSOLUTE)

    Base Addr    Size         Type   Attr      Idx    E Section Name        Object

    0x20000000   0x00000004   Data   RW            2    .data               main.o
    0x20000004   0x00000014   Data   RW          229    .data               system_stm32f10x.o
    0x20000018   0x00000001   Data   RW          259    .data               key.o
    0x20000019   0x00000001   PAD
    0x2000001a   0x00000004   Data   RW          274    .data               lcd.o
    0x2000001e   0x00000002   Data   RW          318    .data               w25qxx.o
    0x20000020   0x00000010   Data   RW          337    .data               sdio_sdcard.o
    0x20000030   0x00000004   Data   RW          468    .data               delay.o
    0x20000034   0x00000006   Data   RW          500    .data               usart.o
    0x2000003a   0x00000014   Data   RW          575    .data               stm32f10x_rcc.o
    0x2000004e   0x00000002   PAD
    0x20000050   0x0000001c   Data   RW          653    .data               malloc.o
    0x2000006c   0x00000002   Data   RW          671    .data               diskio.o
    0x2000006e   0x00000002   PAD
    0x20000070   0x0000000a   Data   RW          690    .data               ff.o
    0x2000007a   0x00000002   PAD
    0x2000007c   0x0000001c   Data   RW          713    .data               exfuns.o
    0x20000098   0x0000001c   Data   RW          767    .data               usmart.o
    0x200000b4   0x0000010c   Data   RW          782    .data               usmart_config.o
    0x200001c0   0x0000000e   Zero   RW          272    .bss                lcd.o
    0x200001ce   0x00001000   Zero   RW          317    .bss                w25qxx.o
    0x200011ce   0x00000002   PAD
    0x200011d0   0x000002c0   Zero   RW          336    .bss                sdio_sdcard.o
    0x20001490   0x000000c8   Zero   RW          499    .bss                usart.o
    0x20001558   0x00000008   PAD
    0x20001560   0x0000aa00   Zero   RW          651    .bss                malloc.o
    0x2000bf60   0x00000021   Zero   RW          807    .bss                fontupd.o
    0x2000bf81   0x00000003   PAD
    0x2000bf84   0x00000060   Zero   RW         1125    .bss                c_w.l(libspace.o)
    0x2000bfe4   0x00000004   PAD
    0x2000bfe8   0x00000200   Zero   RW          532    HEAP                startup_stm32f10x_hd.o
    0x2000c1e8   0x00000400   Zero   RW          531    STACK               startup_stm32f10x_hd.o



  Load Region LR$$.ARM.__AT_0x68000000 (Base: 0x68000000, Size: 0x00000000, Max: 0x000f0000, ABSOLUTE)

    Execution Region ER$$.ARM.__AT_0x68000000 (Base: 0x68000000, Size: 0x00000000, Max: 0x000f0000, ABSOLUTE, UNINIT)

    **** No section assigned to this execution region ****



  Load Region LR$$.ARM.__AT_0x680F0000 (Base: 0x680f0000, Size: 0x00000000, Max: 0x0000f000, ABSOLUTE)

    Execution Region ER$$.ARM.__AT_0x680F0000 (Base: 0x680f0000, Size: 0x00000000, Max: 0x0000f000, ABSOLUTE, UNINIT)

    **** No section assigned to this execution region ****

