<html>
<body>
<pre>
<h1>礦ision Build Log</h1>
<h2>Tool Versions:</h2>
IDE-Version: μVision V5.14.0.0
Copyright (C) 2015 ARM Ltd and ARM Germany GmbH. All rights reserved.
License Information: huxiaoguang Microsoft, Microsoft, LIC=LSNXV-PHPHN-12HLE-51ZSD-WNZ0N-WRAAB
 
Tool Versions:
Toolchain:       MDK-ARM Standard  Version: 5.14.0.0
Toolchain Path:  D:\MDK5\install\ARM\ARMCC\Bin
C Compiler:      Armcc.exe V5.05 update 1 (build 106)
Assembler:       Armasm.exe V5.05 update 1 (build 106)
Linker/Locator:  ArmLink.exe V5.05 update 1 (build 106)
Library Manager: ArmAr.exe V5.05 update 1 (build 106)
Hex Converter:   FromElf.exe V5.05 update 1 (build 106)
CPU DLL:         SARMCM3.DLL V5.14.0.0
Dialog DLL:      DARMSTM.DLL V1.65.0.0
Target DLL:      CMSIS_AGDI.dll V1.21.0.0
Dialog DLL:      TARMSTM.DLL V1.64.0.0
 
<h2>Project:</h2>
F:\接单\毕业设计5月\相关芯片资料\STM32单片机\正点原子 STM32F103最小系统板资料盘\4，程序源码\2，标准例程-库函数版本\实验26 汉字显示实验\USER\HZ.uvprojx
Project File Date:  10/16/2019

<h2>Output:</h2>
Build target 'HZ'
compiling main.c...
main.c(33): warning:  #69-D: integer conversion resulted in truncation
        u8 CO2Concentration = 500; 
main.c(34): warning:  #177-D: variable "fontcnt" was declared but never referenced
        u32 fontcnt;              
main.c(35): warning:  #177-D: variable "i" was declared but never referenced
        u8 i,j;
main.c(35): warning:  #177-D: variable "j" was declared but never referenced
        u8 i,j;
main.c(36): warning:  #177-D: variable "fontx" was declared but never referenced
        u8 fontx[2];//gbk码
main.c(37): warning:  #177-D: variable "t" was declared but never referenced
        u8 key,t;           
main.c(54): warning:  #177-D: label "UPD" was declared but never referenced
  UPD:    
main.c: 7 warnings, 0 errors
linking...
Program Size: Code=64964 RO-data=8212 RW-data=444 ZI-data=1094700  
FromELF: creating hex file...
"..\OBJ\HZ.axf" - 0 Error(s), 7 Warning(s).

<h2>Collection of Component include folders:</h2>
  F:\接单\毕业设计5月\相关芯片资料\STM32单片机\正点原子 STM32F103最小系统板资料盘\4，程序源码\2，标准例程-库函数版本\实验26 汉字显示实验\USER\RTE
  D:\MDK5\install\ARM\PACK\Keil\STM32F1xx_DFP\1.0.5\Device\Include

<h2>Collection of Component Files used:</h2>
</pre>
</body>
</html>
